Archive member included to satisfy reference by file (symbol)

c:/ac6/systemworkbench/plugins/fr.ac6.mcu.externaltools.arm-none.win32_1.17.0.201812190825/tools/compiler/bin/../lib/gcc/arm-none-eabi/7.3.1/thumb/v7e-m/fpv4-sp/hard\libgcc.a(_arm_addsubdf3.o)
                              src/clock.o (__aeabi_i2d)
c:/ac6/systemworkbench/plugins/fr.ac6.mcu.externaltools.arm-none.win32_1.17.0.201812190825/tools/compiler/bin/../lib/gcc/arm-none-eabi/7.3.1/thumb/v7e-m/fpv4-sp/hard\libgcc.a(_arm_muldivdf3.o)
                              src/7seg.o (__aeabi_dmul)
c:/ac6/systemworkbench/plugins/fr.ac6.mcu.externaltools.arm-none.win32_1.17.0.201812190825/tools/compiler/bin/../lib/gcc/arm-none-eabi/7.3.1/thumb/v7e-m/fpv4-sp/hard\libgcc.a(_arm_cmpdf2.o)
                              src/clock.o (__aeabi_dcmpeq)
c:/ac6/systemworkbench/plugins/fr.ac6.mcu.externaltools.arm-none.win32_1.17.0.201812190825/tools/compiler/bin/../lib/gcc/arm-none-eabi/7.3.1/thumb/v7e-m/fpv4-sp/hard\libgcc.a(_arm_fixdfsi.o)
                              src/7seg.o (__aeabi_d2iz)
c:/ac6/systemworkbench/plugins/fr.ac6.mcu.externaltools.arm-none.win32_1.17.0.201812190825/tools/compiler/bin/../lib/gcc/arm-none-eabi/7.3.1/../../../../arm-none-eabi/lib/thumb/v7e-m/fpv4-sp/hard\libc.a(lib_a-errno.o)
                              startup/sysmem.o (__errno)
c:/ac6/systemworkbench/plugins/fr.ac6.mcu.externaltools.arm-none.win32_1.17.0.201812190825/tools/compiler/bin/../lib/gcc/arm-none-eabi/7.3.1/../../../../arm-none-eabi/lib/thumb/v7e-m/fpv4-sp/hard\libc.a(lib_a-exit.o)
                              c:/ac6/systemworkbench/plugins/fr.ac6.mcu.externaltools.arm-none.win32_1.17.0.201812190825/tools/compiler/bin/../lib/gcc/arm-none-eabi/7.3.1/../../../../arm-none-eabi/lib/thumb/v7e-m/fpv4-sp/hard/crt0.o (exit)
c:/ac6/systemworkbench/plugins/fr.ac6.mcu.externaltools.arm-none.win32_1.17.0.201812190825/tools/compiler/bin/../lib/gcc/arm-none-eabi/7.3.1/../../../../arm-none-eabi/lib/thumb/v7e-m/fpv4-sp/hard\libc.a(lib_a-impure.o)
                              c:/ac6/systemworkbench/plugins/fr.ac6.mcu.externaltools.arm-none.win32_1.17.0.201812190825/tools/compiler/bin/../lib/gcc/arm-none-eabi/7.3.1/../../../../arm-none-eabi/lib/thumb/v7e-m/fpv4-sp/hard\libc.a(lib_a-exit.o) (_global_impure_ptr)
c:/ac6/systemworkbench/plugins/fr.ac6.mcu.externaltools.arm-none.win32_1.17.0.201812190825/tools/compiler/bin/../lib/gcc/arm-none-eabi/7.3.1/../../../../arm-none-eabi/lib/thumb/v7e-m/fpv4-sp/hard\libc.a(lib_a-init.o)
                              c:/ac6/systemworkbench/plugins/fr.ac6.mcu.externaltools.arm-none.win32_1.17.0.201812190825/tools/compiler/bin/../lib/gcc/arm-none-eabi/7.3.1/../../../../arm-none-eabi/lib/thumb/v7e-m/fpv4-sp/hard/crt0.o (__libc_init_array)
c:/ac6/systemworkbench/plugins/fr.ac6.mcu.externaltools.arm-none.win32_1.17.0.201812190825/tools/compiler/bin/../lib/gcc/arm-none-eabi/7.3.1/../../../../arm-none-eabi/lib/thumb/v7e-m/fpv4-sp/hard\libc.a(lib_a-memset.o)
                              c:/ac6/systemworkbench/plugins/fr.ac6.mcu.externaltools.arm-none.win32_1.17.0.201812190825/tools/compiler/bin/../lib/gcc/arm-none-eabi/7.3.1/../../../../arm-none-eabi/lib/thumb/v7e-m/fpv4-sp/hard/crt0.o (memset)
c:/ac6/systemworkbench/plugins/fr.ac6.mcu.externaltools.arm-none.win32_1.17.0.201812190825/tools/compiler/bin/../lib/gcc/arm-none-eabi/7.3.1/../../../../arm-none-eabi/lib/thumb/v7e-m/fpv4-sp/hard\libc.a(lib_a-__call_atexit.o)
                              c:/ac6/systemworkbench/plugins/fr.ac6.mcu.externaltools.arm-none.win32_1.17.0.201812190825/tools/compiler/bin/../lib/gcc/arm-none-eabi/7.3.1/../../../../arm-none-eabi/lib/thumb/v7e-m/fpv4-sp/hard\libc.a(lib_a-exit.o) (__call_exitprocs)
c:/ac6/systemworkbench/plugins/fr.ac6.mcu.externaltools.arm-none.win32_1.17.0.201812190825/tools/compiler/bin/../lib/gcc/arm-none-eabi/7.3.1/../../../../arm-none-eabi/lib/thumb/v7e-m/fpv4-sp/hard\libc.a(lib_a-atexit.o)
                              c:/ac6/systemworkbench/plugins/fr.ac6.mcu.externaltools.arm-none.win32_1.17.0.201812190825/tools/compiler/bin/../lib/gcc/arm-none-eabi/7.3.1/../../../../arm-none-eabi/lib/thumb/v7e-m/fpv4-sp/hard\libc.a(lib_a-__call_atexit.o) (atexit)
c:/ac6/systemworkbench/plugins/fr.ac6.mcu.externaltools.arm-none.win32_1.17.0.201812190825/tools/compiler/bin/../lib/gcc/arm-none-eabi/7.3.1/../../../../arm-none-eabi/lib/thumb/v7e-m/fpv4-sp/hard\libc.a(lib_a-fini.o)
                              c:/ac6/systemworkbench/plugins/fr.ac6.mcu.externaltools.arm-none.win32_1.17.0.201812190825/tools/compiler/bin/../lib/gcc/arm-none-eabi/7.3.1/../../../../arm-none-eabi/lib/thumb/v7e-m/fpv4-sp/hard\libc.a(lib_a-__call_atexit.o) (__libc_fini_array)
c:/ac6/systemworkbench/plugins/fr.ac6.mcu.externaltools.arm-none.win32_1.17.0.201812190825/tools/compiler/bin/../lib/gcc/arm-none-eabi/7.3.1/../../../../arm-none-eabi/lib/thumb/v7e-m/fpv4-sp/hard\libc.a(lib_a-lock.o)
                              c:/ac6/systemworkbench/plugins/fr.ac6.mcu.externaltools.arm-none.win32_1.17.0.201812190825/tools/compiler/bin/../lib/gcc/arm-none-eabi/7.3.1/../../../../arm-none-eabi/lib/thumb/v7e-m/fpv4-sp/hard\libc.a(lib_a-__call_atexit.o) (__retarget_lock_acquire_recursive)
c:/ac6/systemworkbench/plugins/fr.ac6.mcu.externaltools.arm-none.win32_1.17.0.201812190825/tools/compiler/bin/../lib/gcc/arm-none-eabi/7.3.1/../../../../arm-none-eabi/lib/thumb/v7e-m/fpv4-sp/hard\libc.a(lib_a-__atexit.o)
                              c:/ac6/systemworkbench/plugins/fr.ac6.mcu.externaltools.arm-none.win32_1.17.0.201812190825/tools/compiler/bin/../lib/gcc/arm-none-eabi/7.3.1/../../../../arm-none-eabi/lib/thumb/v7e-m/fpv4-sp/hard\libc.a(lib_a-atexit.o) (__register_exitproc)

Allocating common symbols
Common symbol       size              file

__lock___atexit_recursive_mutex
                    0x1               c:/ac6/systemworkbench/plugins/fr.ac6.mcu.externaltools.arm-none.win32_1.17.0.201812190825/tools/compiler/bin/../lib/gcc/arm-none-eabi/7.3.1/../../../../arm-none-eabi/lib/thumb/v7e-m/fpv4-sp/hard\libc.a(lib_a-lock.o)
__lock___arc4random_mutex
                    0x1               c:/ac6/systemworkbench/plugins/fr.ac6.mcu.externaltools.arm-none.win32_1.17.0.201812190825/tools/compiler/bin/../lib/gcc/arm-none-eabi/7.3.1/../../../../arm-none-eabi/lib/thumb/v7e-m/fpv4-sp/hard\libc.a(lib_a-lock.o)
music_Duty_Cycle    0x4               src/clock.o
__lock___env_recursive_mutex
                    0x1               c:/ac6/systemworkbench/plugins/fr.ac6.mcu.externaltools.arm-none.win32_1.17.0.201812190825/tools/compiler/bin/../lib/gcc/arm-none-eabi/7.3.1/../../../../arm-none-eabi/lib/thumb/v7e-m/fpv4-sp/hard\libc.a(lib_a-lock.o)
__lock___sinit_recursive_mutex
                    0x1               c:/ac6/systemworkbench/plugins/fr.ac6.mcu.externaltools.arm-none.win32_1.17.0.201812190825/tools/compiler/bin/../lib/gcc/arm-none-eabi/7.3.1/../../../../arm-none-eabi/lib/thumb/v7e-m/fpv4-sp/hard\libc.a(lib_a-lock.o)
__lock___malloc_recursive_mutex
                    0x1               c:/ac6/systemworkbench/plugins/fr.ac6.mcu.externaltools.arm-none.win32_1.17.0.201812190825/tools/compiler/bin/../lib/gcc/arm-none-eabi/7.3.1/../../../../arm-none-eabi/lib/thumb/v7e-m/fpv4-sp/hard\libc.a(lib_a-lock.o)
note_Arr            0x20              src/clock.o
__lock___at_quick_exit_mutex
                    0x1               c:/ac6/systemworkbench/plugins/fr.ac6.mcu.externaltools.arm-none.win32_1.17.0.201812190825/tools/compiler/bin/../lib/gcc/arm-none-eabi/7.3.1/../../../../arm-none-eabi/lib/thumb/v7e-m/fpv4-sp/hard\libc.a(lib_a-lock.o)
__lock___dd_hash_mutex
                    0x1               c:/ac6/systemworkbench/plugins/fr.ac6.mcu.externaltools.arm-none.win32_1.17.0.201812190825/tools/compiler/bin/../lib/gcc/arm-none-eabi/7.3.1/../../../../arm-none-eabi/lib/thumb/v7e-m/fpv4-sp/hard\libc.a(lib_a-lock.o)
__lock___tz_mutex   0x1               c:/ac6/systemworkbench/plugins/fr.ac6.mcu.externaltools.arm-none.win32_1.17.0.201812190825/tools/compiler/bin/../lib/gcc/arm-none-eabi/7.3.1/../../../../arm-none-eabi/lib/thumb/v7e-m/fpv4-sp/hard\libc.a(lib_a-lock.o)
__lock___sfp_recursive_mutex
                    0x1               c:/ac6/systemworkbench/plugins/fr.ac6.mcu.externaltools.arm-none.win32_1.17.0.201812190825/tools/compiler/bin/../lib/gcc/arm-none-eabi/7.3.1/../../../../arm-none-eabi/lib/thumb/v7e-m/fpv4-sp/hard\libc.a(lib_a-lock.o)

Discarded input sections

 .text          0x00000000        0x0 c:/ac6/systemworkbench/plugins/fr.ac6.mcu.externaltools.arm-none.win32_1.17.0.201812190825/tools/compiler/bin/../lib/gcc/arm-none-eabi/7.3.1/thumb/v7e-m/fpv4-sp/hard/crti.o
 .data          0x00000000        0x0 c:/ac6/systemworkbench/plugins/fr.ac6.mcu.externaltools.arm-none.win32_1.17.0.201812190825/tools/compiler/bin/../lib/gcc/arm-none-eabi/7.3.1/thumb/v7e-m/fpv4-sp/hard/crti.o
 .bss           0x00000000        0x0 c:/ac6/systemworkbench/plugins/fr.ac6.mcu.externaltools.arm-none.win32_1.17.0.201812190825/tools/compiler/bin/../lib/gcc/arm-none-eabi/7.3.1/thumb/v7e-m/fpv4-sp/hard/crti.o
 .data          0x00000000        0x4 c:/ac6/systemworkbench/plugins/fr.ac6.mcu.externaltools.arm-none.win32_1.17.0.201812190825/tools/compiler/bin/../lib/gcc/arm-none-eabi/7.3.1/thumb/v7e-m/fpv4-sp/hard/crtbegin.o
 .text          0x00000000       0x74 c:/ac6/systemworkbench/plugins/fr.ac6.mcu.externaltools.arm-none.win32_1.17.0.201812190825/tools/compiler/bin/../lib/gcc/arm-none-eabi/7.3.1/../../../../arm-none-eabi/lib/thumb/v7e-m/fpv4-sp/hard/crt0.o
 .data          0x00000000        0x0 c:/ac6/systemworkbench/plugins/fr.ac6.mcu.externaltools.arm-none.win32_1.17.0.201812190825/tools/compiler/bin/../lib/gcc/arm-none-eabi/7.3.1/../../../../arm-none-eabi/lib/thumb/v7e-m/fpv4-sp/hard/crt0.o
 .bss           0x00000000        0x0 c:/ac6/systemworkbench/plugins/fr.ac6.mcu.externaltools.arm-none.win32_1.17.0.201812190825/tools/compiler/bin/../lib/gcc/arm-none-eabi/7.3.1/../../../../arm-none-eabi/lib/thumb/v7e-m/fpv4-sp/hard/crt0.o
 .ARM.extab     0x00000000        0x0 c:/ac6/systemworkbench/plugins/fr.ac6.mcu.externaltools.arm-none.win32_1.17.0.201812190825/tools/compiler/bin/../lib/gcc/arm-none-eabi/7.3.1/../../../../arm-none-eabi/lib/thumb/v7e-m/fpv4-sp/hard/crt0.o
 .ARM.exidx     0x00000000        0x8 c:/ac6/systemworkbench/plugins/fr.ac6.mcu.externaltools.arm-none.win32_1.17.0.201812190825/tools/compiler/bin/../lib/gcc/arm-none-eabi/7.3.1/../../../../arm-none-eabi/lib/thumb/v7e-m/fpv4-sp/hard/crt0.o
 .ARM.attributes
                0x00000000       0x20 c:/ac6/systemworkbench/plugins/fr.ac6.mcu.externaltools.arm-none.win32_1.17.0.201812190825/tools/compiler/bin/../lib/gcc/arm-none-eabi/7.3.1/../../../../arm-none-eabi/lib/thumb/v7e-m/fpv4-sp/hard/crt0.o
 .group         0x00000000        0xc src/7seg.o
 .group         0x00000000        0xc src/7seg.o
 .group         0x00000000        0xc src/7seg.o
 .group         0x00000000        0xc src/7seg.o
 .group         0x00000000        0xc src/7seg.o
 .group         0x00000000        0xc src/7seg.o
 .group         0x00000000        0xc src/7seg.o
 .group         0x00000000        0xc src/7seg.o
 .group         0x00000000        0xc src/7seg.o
 .group         0x00000000        0xc src/7seg.o
 .group         0x00000000        0xc src/7seg.o
 .group         0x00000000        0xc src/7seg.o
 .group         0x00000000        0xc src/7seg.o
 .group         0x00000000        0xc src/7seg.o
 .text          0x00000000        0x0 src/7seg.o
 .data          0x00000000        0x0 src/7seg.o
 .bss           0x00000000        0x0 src/7seg.o
 .text.display_two_decimal
                0x00000000      0x16c src/7seg.o
 .text.add      0x00000000       0x60 src/7seg.o
 .text.sub      0x00000000       0x60 src/7seg.o
 .text.mul      0x00000000       0x66 src/7seg.o
 .text.div      0x00000000       0x38 src/7seg.o
 .rodata        0x00000000        0x8 src/7seg.o
 .text.calc     0x00000000      0x4c0 src/7seg.o
 .text.display_fraction
                0x00000000      0x1dc src/7seg.o
 .group         0x00000000        0xc src/clock.o
 .group         0x00000000        0xc src/clock.o
 .group         0x00000000        0xc src/clock.o
 .group         0x00000000        0xc src/clock.o
 .group         0x00000000        0xc src/clock.o
 .group         0x00000000        0xc src/clock.o
 .group         0x00000000        0xc src/clock.o
 .group         0x00000000        0xc src/clock.o
 .group         0x00000000        0xc src/clock.o
 .group         0x00000000        0xc src/clock.o
 .group         0x00000000        0xc src/clock.o
 .group         0x00000000        0xc src/clock.o
 .group         0x00000000        0xc src/clock.o
 .group         0x00000000        0xc src/clock.o
 .text          0x00000000        0x0 src/clock.o
 .text.clock_Init
                0x00000000        0xe src/clock.o
 .debug_macro   0x00000000      0xa66 src/clock.o
 .debug_macro   0x00000000       0x28 src/clock.o
 .debug_macro   0x00000000       0x22 src/clock.o
 .debug_macro   0x00000000       0x8e src/clock.o
 .debug_macro   0x00000000       0x51 src/clock.o
 .debug_macro   0x00000000       0xef src/clock.o
 .debug_macro   0x00000000       0x6a src/clock.o
 .debug_macro   0x00000000      0x1df src/clock.o
 .debug_macro   0x00000000       0x35 src/clock.o
 .debug_macro   0x00000000       0x50 src/clock.o
 .debug_macro   0x00000000      0xe66 src/clock.o
 .debug_macro   0x00000000    0x1a16e src/clock.o
 .debug_macro   0x00000000       0x10 src/clock.o
 COMMON         0x00000000       0x24 src/clock.o
 .group         0x00000000        0xc src/helper_functions.o
 .group         0x00000000        0xc src/helper_functions.o
 .group         0x00000000        0xc src/helper_functions.o
 .group         0x00000000        0xc src/helper_functions.o
 .group         0x00000000        0xc src/helper_functions.o
 .group         0x00000000        0xc src/helper_functions.o
 .group         0x00000000        0xc src/helper_functions.o
 .group         0x00000000        0xc src/helper_functions.o
 .group         0x00000000        0xc src/helper_functions.o
 .group         0x00000000        0xc src/helper_functions.o
 .group         0x00000000        0xc src/helper_functions.o
 .group         0x00000000        0xc src/helper_functions.o
 .text          0x00000000        0x0 src/helper_functions.o
 .data          0x00000000        0x0 src/helper_functions.o
 .bss           0x00000000        0x0 src/helper_functions.o
 .text.read_gpio
                0x00000000       0x24 src/helper_functions.o
 .text.toggle_output
                0x00000000       0x32 src/helper_functions.o
 .text.delay_without_interrupt
                0x00000000       0x40 src/helper_functions.o
 .text.gcd      0x00000000       0x4e src/helper_functions.o
 .text.lcm      0x00000000       0x28 src/helper_functions.o
 .debug_macro   0x00000000      0xa66 src/helper_functions.o
 .debug_macro   0x00000000       0x28 src/helper_functions.o
 .debug_macro   0x00000000       0x22 src/helper_functions.o
 .debug_macro   0x00000000       0x8e src/helper_functions.o
 .debug_macro   0x00000000       0x51 src/helper_functions.o
 .debug_macro   0x00000000       0xef src/helper_functions.o
 .debug_macro   0x00000000       0x6a src/helper_functions.o
 .debug_macro   0x00000000      0x1df src/helper_functions.o
 .debug_macro   0x00000000       0x35 src/helper_functions.o
 .debug_macro   0x00000000       0x50 src/helper_functions.o
 .debug_macro   0x00000000      0xe66 src/helper_functions.o
 .debug_macro   0x00000000    0x1a16e src/helper_functions.o
 .group         0x00000000        0xc src/keypad.o
 .group         0x00000000        0xc src/keypad.o
 .group         0x00000000        0xc src/keypad.o
 .group         0x00000000        0xc src/keypad.o
 .group         0x00000000        0xc src/keypad.o
 .group         0x00000000        0xc src/keypad.o
 .group         0x00000000        0xc src/keypad.o
 .group         0x00000000        0xc src/keypad.o
 .group         0x00000000        0xc src/keypad.o
 .group         0x00000000        0xc src/keypad.o
 .group         0x00000000        0xc src/keypad.o
 .group         0x00000000        0xc src/keypad.o
 .text          0x00000000        0x0 src/keypad.o
 .data          0x00000000        0x0 src/keypad.o
 .bss           0x00000000        0x0 src/keypad.o
 .text.check_keypad_input_one
                0x00000000       0xc0 src/keypad.o
 .text.check_keypad_input_multiple
                0x00000000      0x14a src/keypad.o
 .debug_macro   0x00000000      0xa66 src/keypad.o
 .debug_macro   0x00000000       0x28 src/keypad.o
 .debug_macro   0x00000000       0x22 src/keypad.o
 .debug_macro   0x00000000       0x8e src/keypad.o
 .debug_macro   0x00000000       0x51 src/keypad.o
 .debug_macro   0x00000000       0xef src/keypad.o
 .debug_macro   0x00000000       0x6a src/keypad.o
 .debug_macro   0x00000000      0x1df src/keypad.o
 .debug_macro   0x00000000       0x35 src/keypad.o
 .debug_macro   0x00000000       0x50 src/keypad.o
 .debug_macro   0x00000000      0xe66 src/keypad.o
 .debug_macro   0x00000000    0x1a16e src/keypad.o
 .group         0x00000000        0xc src/led_button.o
 .group         0x00000000        0xc src/led_button.o
 .group         0x00000000        0xc src/led_button.o
 .group         0x00000000        0xc src/led_button.o
 .group         0x00000000        0xc src/led_button.o
 .group         0x00000000        0xc src/led_button.o
 .group         0x00000000        0xc src/led_button.o
 .group         0x00000000        0xc src/led_button.o
 .group         0x00000000        0xc src/led_button.o
 .group         0x00000000        0xc src/led_button.o
 .group         0x00000000        0xc src/led_button.o
 .group         0x00000000        0xc src/led_button.o
 .text          0x00000000        0x0 src/led_button.o
 .data          0x00000000        0x0 src/led_button.o
 .bss           0x00000000        0x0 src/led_button.o
 .text.init_led
                0x00000000       0x7c src/led_button.o
 .text.user_press_button
                0x00000000       0x50 src/led_button.o
 .debug_macro   0x00000000      0xa66 src/led_button.o
 .debug_macro   0x00000000       0x28 src/led_button.o
 .debug_macro   0x00000000       0x22 src/led_button.o
 .debug_macro   0x00000000       0x8e src/led_button.o
 .debug_macro   0x00000000       0x51 src/led_button.o
 .debug_macro   0x00000000       0xef src/led_button.o
 .debug_macro   0x00000000       0x6a src/led_button.o
 .debug_macro   0x00000000      0x1df src/led_button.o
 .debug_macro   0x00000000       0x35 src/led_button.o
 .debug_macro   0x00000000       0x50 src/led_button.o
 .debug_macro   0x00000000      0xe66 src/led_button.o
 .debug_macro   0x00000000    0x1a16e src/led_button.o
 .group         0x00000000        0xc src/main.o
 .group         0x00000000        0xc src/main.o
 .group         0x00000000        0xc src/main.o
 .group         0x00000000        0xc src/main.o
 .group         0x00000000        0xc src/main.o
 .group         0x00000000        0xc src/main.o
 .group         0x00000000        0xc src/main.o
 .group         0x00000000        0xc src/main.o
 .group         0x00000000        0xc src/main.o
 .group         0x00000000        0xc src/main.o
 .group         0x00000000        0xc src/main.o
 .group         0x00000000        0xc src/main.o
 .group         0x00000000        0xc src/main.o
 .text          0x00000000        0x0 src/main.o
 .debug_macro   0x00000000      0xa66 src/main.o
 .debug_macro   0x00000000       0x28 src/main.o
 .debug_macro   0x00000000       0x22 src/main.o
 .debug_macro   0x00000000       0x8e src/main.o
 .debug_macro   0x00000000       0x51 src/main.o
 .debug_macro   0x00000000       0xef src/main.o
 .debug_macro   0x00000000       0x6a src/main.o
 .debug_macro   0x00000000      0x1df src/main.o
 .debug_macro   0x00000000       0x35 src/main.o
 .debug_macro   0x00000000       0x50 src/main.o
 .debug_macro   0x00000000      0xe66 src/main.o
 .debug_macro   0x00000000    0x1a16e src/main.o
 .debug_macro   0x00000000      0x12a src/main.o
 .group         0x00000000        0xc src/timer.o
 .group         0x00000000        0xc src/timer.o
 .group         0x00000000        0xc src/timer.o
 .group         0x00000000        0xc src/timer.o
 .group         0x00000000        0xc src/timer.o
 .group         0x00000000        0xc src/timer.o
 .group         0x00000000        0xc src/timer.o
 .group         0x00000000        0xc src/timer.o
 .group         0x00000000        0xc src/timer.o
 .group         0x00000000        0xc src/timer.o
 .group         0x00000000        0xc src/timer.o
 .group         0x00000000        0xc src/timer.o
 .text          0x00000000        0x0 src/timer.o
 .data          0x00000000        0x0 src/timer.o
 .bss           0x00000000        0x0 src/timer.o
 .text.timer_reload
                0x00000000       0x20 src/timer.o
 .debug_macro   0x00000000      0xa66 src/timer.o
 .debug_macro   0x00000000       0x28 src/timer.o
 .debug_macro   0x00000000       0x22 src/timer.o
 .debug_macro   0x00000000       0x8e src/timer.o
 .debug_macro   0x00000000       0x51 src/timer.o
 .debug_macro   0x00000000       0xef src/timer.o
 .debug_macro   0x00000000       0x6a src/timer.o
 .debug_macro   0x00000000      0x1df src/timer.o
 .debug_macro   0x00000000       0x35 src/timer.o
 .debug_macro   0x00000000       0x50 src/timer.o
 .debug_macro   0x00000000      0xe66 src/timer.o
 .debug_macro   0x00000000    0x1a16e src/timer.o
 .text          0x00000000       0x14 startup/startup_stm32.o
 .data          0x00000000        0x0 startup/startup_stm32.o
 .bss           0x00000000        0x0 startup/startup_stm32.o
 .group         0x00000000        0xc startup/sysmem.o
 .group         0x00000000        0xc startup/sysmem.o
 .group         0x00000000        0xc startup/sysmem.o
 .group         0x00000000        0xc startup/sysmem.o
 .group         0x00000000        0xc startup/sysmem.o
 .group         0x00000000        0xc startup/sysmem.o
 .group         0x00000000        0xc startup/sysmem.o
 .group         0x00000000        0xc startup/sysmem.o
 .group         0x00000000        0xc startup/sysmem.o
 .group         0x00000000        0xc startup/sysmem.o
 .group         0x00000000        0xc startup/sysmem.o
 .group         0x00000000        0xc startup/sysmem.o
 .group         0x00000000        0xc startup/sysmem.o
 .group         0x00000000        0xc startup/sysmem.o
 .group         0x00000000        0xc startup/sysmem.o
 .group         0x00000000        0xc startup/sysmem.o
 .group         0x00000000        0xc startup/sysmem.o
 .group         0x00000000        0xc startup/sysmem.o
 .group         0x00000000        0xc startup/sysmem.o
 .group         0x00000000        0xc startup/sysmem.o
 .group         0x00000000        0xc startup/sysmem.o
 .group         0x00000000        0xc startup/sysmem.o
 .group         0x00000000        0xc startup/sysmem.o
 .group         0x00000000        0xc startup/sysmem.o
 .group         0x00000000        0xc startup/sysmem.o
 .group         0x00000000        0xc startup/sysmem.o
 .group         0x00000000        0xc startup/sysmem.o
 .group         0x00000000        0xc startup/sysmem.o
 .group         0x00000000        0xc startup/sysmem.o
 .group         0x00000000        0xc startup/sysmem.o
 .group         0x00000000        0xc startup/sysmem.o
 .group         0x00000000        0xc startup/sysmem.o
 .text          0x00000000        0x0 startup/sysmem.o
 .data          0x00000000        0x0 startup/sysmem.o
 .bss           0x00000000        0x4 startup/sysmem.o
 .text._sbrk    0x00000000       0x58 startup/sysmem.o
 .debug_info    0x00000000      0x92c startup/sysmem.o
 .debug_abbrev  0x00000000      0x1f1 startup/sysmem.o
 .debug_aranges
                0x00000000       0x20 startup/sysmem.o
 .debug_ranges  0x00000000       0x10 startup/sysmem.o
 .debug_macro   0x00000000      0x1ae startup/sysmem.o
 .debug_macro   0x00000000      0xa66 startup/sysmem.o
 .debug_macro   0x00000000       0x10 startup/sysmem.o
 .debug_macro   0x00000000       0x22 startup/sysmem.o
 .debug_macro   0x00000000       0x58 startup/sysmem.o
 .debug_macro   0x00000000       0x18 startup/sysmem.o
 .debug_macro   0x00000000       0x94 startup/sysmem.o
 .debug_macro   0x00000000       0x35 startup/sysmem.o
 .debug_macro   0x00000000       0x34 startup/sysmem.o
 .debug_macro   0x00000000      0x174 startup/sysmem.o
 .debug_macro   0x00000000       0x57 startup/sysmem.o
 .debug_macro   0x00000000       0x58 startup/sysmem.o
 .debug_macro   0x00000000       0x1f startup/sysmem.o
 .debug_macro   0x00000000       0x43 startup/sysmem.o
 .debug_macro   0x00000000       0x20 startup/sysmem.o
 .debug_macro   0x00000000      0x18e startup/sysmem.o
 .debug_macro   0x00000000      0x23b startup/sysmem.o
 .debug_macro   0x00000000       0x16 startup/sysmem.o
 .debug_macro   0x00000000       0x35 startup/sysmem.o
 .debug_macro   0x00000000      0x330 startup/sysmem.o
 .debug_macro   0x00000000       0x10 startup/sysmem.o
 .debug_macro   0x00000000       0x10 startup/sysmem.o
 .debug_macro   0x00000000       0x6a startup/sysmem.o
 .debug_macro   0x00000000       0x1c startup/sysmem.o
 .debug_macro   0x00000000       0x52 startup/sysmem.o
 .debug_macro   0x00000000       0x40 startup/sysmem.o
 .debug_macro   0x00000000       0x10 startup/sysmem.o
 .debug_macro   0x00000000       0x40 startup/sysmem.o
 .debug_macro   0x00000000       0xd7 startup/sysmem.o
 .debug_macro   0x00000000       0x1c startup/sysmem.o
 .debug_macro   0x00000000       0x3d startup/sysmem.o
 .debug_macro   0x00000000       0x16 startup/sysmem.o
 .debug_macro   0x00000000      0x16f startup/sysmem.o
 .debug_line    0x00000000      0x3e6 startup/sysmem.o
 .debug_str     0x00000000     0x77b9 startup/sysmem.o
 .comment       0x00000000       0x80 startup/sysmem.o
 .debug_frame   0x00000000       0x34 startup/sysmem.o
 .ARM.attributes
                0x00000000       0x39 startup/sysmem.o
 .data          0x00000000        0x0 c:/ac6/systemworkbench/plugins/fr.ac6.mcu.externaltools.arm-none.win32_1.17.0.201812190825/tools/compiler/bin/../lib/gcc/arm-none-eabi/7.3.1/thumb/v7e-m/fpv4-sp/hard\libgcc.a(_arm_addsubdf3.o)
 .bss           0x00000000        0x0 c:/ac6/systemworkbench/plugins/fr.ac6.mcu.externaltools.arm-none.win32_1.17.0.201812190825/tools/compiler/bin/../lib/gcc/arm-none-eabi/7.3.1/thumb/v7e-m/fpv4-sp/hard\libgcc.a(_arm_addsubdf3.o)
 .text          0x00000000      0x424 c:/ac6/systemworkbench/plugins/fr.ac6.mcu.externaltools.arm-none.win32_1.17.0.201812190825/tools/compiler/bin/../lib/gcc/arm-none-eabi/7.3.1/thumb/v7e-m/fpv4-sp/hard\libgcc.a(_arm_muldivdf3.o)
 .data          0x00000000        0x0 c:/ac6/systemworkbench/plugins/fr.ac6.mcu.externaltools.arm-none.win32_1.17.0.201812190825/tools/compiler/bin/../lib/gcc/arm-none-eabi/7.3.1/thumb/v7e-m/fpv4-sp/hard\libgcc.a(_arm_muldivdf3.o)
 .bss           0x00000000        0x0 c:/ac6/systemworkbench/plugins/fr.ac6.mcu.externaltools.arm-none.win32_1.17.0.201812190825/tools/compiler/bin/../lib/gcc/arm-none-eabi/7.3.1/thumb/v7e-m/fpv4-sp/hard\libgcc.a(_arm_muldivdf3.o)
 .debug_frame   0x00000000       0x50 c:/ac6/systemworkbench/plugins/fr.ac6.mcu.externaltools.arm-none.win32_1.17.0.201812190825/tools/compiler/bin/../lib/gcc/arm-none-eabi/7.3.1/thumb/v7e-m/fpv4-sp/hard\libgcc.a(_arm_muldivdf3.o)
 .ARM.attributes
                0x00000000       0x22 c:/ac6/systemworkbench/plugins/fr.ac6.mcu.externaltools.arm-none.win32_1.17.0.201812190825/tools/compiler/bin/../lib/gcc/arm-none-eabi/7.3.1/thumb/v7e-m/fpv4-sp/hard\libgcc.a(_arm_muldivdf3.o)
 .data          0x00000000        0x0 c:/ac6/systemworkbench/plugins/fr.ac6.mcu.externaltools.arm-none.win32_1.17.0.201812190825/tools/compiler/bin/../lib/gcc/arm-none-eabi/7.3.1/thumb/v7e-m/fpv4-sp/hard\libgcc.a(_arm_cmpdf2.o)
 .bss           0x00000000        0x0 c:/ac6/systemworkbench/plugins/fr.ac6.mcu.externaltools.arm-none.win32_1.17.0.201812190825/tools/compiler/bin/../lib/gcc/arm-none-eabi/7.3.1/thumb/v7e-m/fpv4-sp/hard\libgcc.a(_arm_cmpdf2.o)
 .text          0x00000000       0x50 c:/ac6/systemworkbench/plugins/fr.ac6.mcu.externaltools.arm-none.win32_1.17.0.201812190825/tools/compiler/bin/../lib/gcc/arm-none-eabi/7.3.1/thumb/v7e-m/fpv4-sp/hard\libgcc.a(_arm_fixdfsi.o)
 .data          0x00000000        0x0 c:/ac6/systemworkbench/plugins/fr.ac6.mcu.externaltools.arm-none.win32_1.17.0.201812190825/tools/compiler/bin/../lib/gcc/arm-none-eabi/7.3.1/thumb/v7e-m/fpv4-sp/hard\libgcc.a(_arm_fixdfsi.o)
 .bss           0x00000000        0x0 c:/ac6/systemworkbench/plugins/fr.ac6.mcu.externaltools.arm-none.win32_1.17.0.201812190825/tools/compiler/bin/../lib/gcc/arm-none-eabi/7.3.1/thumb/v7e-m/fpv4-sp/hard\libgcc.a(_arm_fixdfsi.o)
 .debug_frame   0x00000000       0x24 c:/ac6/systemworkbench/plugins/fr.ac6.mcu.externaltools.arm-none.win32_1.17.0.201812190825/tools/compiler/bin/../lib/gcc/arm-none-eabi/7.3.1/thumb/v7e-m/fpv4-sp/hard\libgcc.a(_arm_fixdfsi.o)
 .ARM.attributes
                0x00000000       0x22 c:/ac6/systemworkbench/plugins/fr.ac6.mcu.externaltools.arm-none.win32_1.17.0.201812190825/tools/compiler/bin/../lib/gcc/arm-none-eabi/7.3.1/thumb/v7e-m/fpv4-sp/hard\libgcc.a(_arm_fixdfsi.o)
 .text          0x00000000        0x0 c:/ac6/systemworkbench/plugins/fr.ac6.mcu.externaltools.arm-none.win32_1.17.0.201812190825/tools/compiler/bin/../lib/gcc/arm-none-eabi/7.3.1/../../../../arm-none-eabi/lib/thumb/v7e-m/fpv4-sp/hard\libc.a(lib_a-errno.o)
 .data          0x00000000        0x0 c:/ac6/systemworkbench/plugins/fr.ac6.mcu.externaltools.arm-none.win32_1.17.0.201812190825/tools/compiler/bin/../lib/gcc/arm-none-eabi/7.3.1/../../../../arm-none-eabi/lib/thumb/v7e-m/fpv4-sp/hard\libc.a(lib_a-errno.o)
 .bss           0x00000000        0x0 c:/ac6/systemworkbench/plugins/fr.ac6.mcu.externaltools.arm-none.win32_1.17.0.201812190825/tools/compiler/bin/../lib/gcc/arm-none-eabi/7.3.1/../../../../arm-none-eabi/lib/thumb/v7e-m/fpv4-sp/hard\libc.a(lib_a-errno.o)
 .text.__errno  0x00000000        0xc c:/ac6/systemworkbench/plugins/fr.ac6.mcu.externaltools.arm-none.win32_1.17.0.201812190825/tools/compiler/bin/../lib/gcc/arm-none-eabi/7.3.1/../../../../arm-none-eabi/lib/thumb/v7e-m/fpv4-sp/hard\libc.a(lib_a-errno.o)
 .debug_frame   0x00000000       0x20 c:/ac6/systemworkbench/plugins/fr.ac6.mcu.externaltools.arm-none.win32_1.17.0.201812190825/tools/compiler/bin/../lib/gcc/arm-none-eabi/7.3.1/../../../../arm-none-eabi/lib/thumb/v7e-m/fpv4-sp/hard\libc.a(lib_a-errno.o)
 .ARM.attributes
                0x00000000       0x34 c:/ac6/systemworkbench/plugins/fr.ac6.mcu.externaltools.arm-none.win32_1.17.0.201812190825/tools/compiler/bin/../lib/gcc/arm-none-eabi/7.3.1/../../../../arm-none-eabi/lib/thumb/v7e-m/fpv4-sp/hard\libc.a(lib_a-errno.o)
 .text          0x00000000        0x0 c:/ac6/systemworkbench/plugins/fr.ac6.mcu.externaltools.arm-none.win32_1.17.0.201812190825/tools/compiler/bin/../lib/gcc/arm-none-eabi/7.3.1/../../../../arm-none-eabi/lib/thumb/v7e-m/fpv4-sp/hard\libc.a(lib_a-exit.o)
 .data          0x00000000        0x0 c:/ac6/systemworkbench/plugins/fr.ac6.mcu.externaltools.arm-none.win32_1.17.0.201812190825/tools/compiler/bin/../lib/gcc/arm-none-eabi/7.3.1/../../../../arm-none-eabi/lib/thumb/v7e-m/fpv4-sp/hard\libc.a(lib_a-exit.o)
 .bss           0x00000000        0x0 c:/ac6/systemworkbench/plugins/fr.ac6.mcu.externaltools.arm-none.win32_1.17.0.201812190825/tools/compiler/bin/../lib/gcc/arm-none-eabi/7.3.1/../../../../arm-none-eabi/lib/thumb/v7e-m/fpv4-sp/hard\libc.a(lib_a-exit.o)
 .text.exit     0x00000000       0x20 c:/ac6/systemworkbench/plugins/fr.ac6.mcu.externaltools.arm-none.win32_1.17.0.201812190825/tools/compiler/bin/../lib/gcc/arm-none-eabi/7.3.1/../../../../arm-none-eabi/lib/thumb/v7e-m/fpv4-sp/hard\libc.a(lib_a-exit.o)
 .debug_frame   0x00000000       0x28 c:/ac6/systemworkbench/plugins/fr.ac6.mcu.externaltools.arm-none.win32_1.17.0.201812190825/tools/compiler/bin/../lib/gcc/arm-none-eabi/7.3.1/../../../../arm-none-eabi/lib/thumb/v7e-m/fpv4-sp/hard\libc.a(lib_a-exit.o)
 .ARM.attributes
                0x00000000       0x34 c:/ac6/systemworkbench/plugins/fr.ac6.mcu.externaltools.arm-none.win32_1.17.0.201812190825/tools/compiler/bin/../lib/gcc/arm-none-eabi/7.3.1/../../../../arm-none-eabi/lib/thumb/v7e-m/fpv4-sp/hard\libc.a(lib_a-exit.o)
 .text          0x00000000        0x0 c:/ac6/systemworkbench/plugins/fr.ac6.mcu.externaltools.arm-none.win32_1.17.0.201812190825/tools/compiler/bin/../lib/gcc/arm-none-eabi/7.3.1/../../../../arm-none-eabi/lib/thumb/v7e-m/fpv4-sp/hard\libc.a(lib_a-impure.o)
 .data          0x00000000        0x0 c:/ac6/systemworkbench/plugins/fr.ac6.mcu.externaltools.arm-none.win32_1.17.0.201812190825/tools/compiler/bin/../lib/gcc/arm-none-eabi/7.3.1/../../../../arm-none-eabi/lib/thumb/v7e-m/fpv4-sp/hard\libc.a(lib_a-impure.o)
 .bss           0x00000000        0x0 c:/ac6/systemworkbench/plugins/fr.ac6.mcu.externaltools.arm-none.win32_1.17.0.201812190825/tools/compiler/bin/../lib/gcc/arm-none-eabi/7.3.1/../../../../arm-none-eabi/lib/thumb/v7e-m/fpv4-sp/hard\libc.a(lib_a-impure.o)
 .data._impure_ptr
                0x00000000        0x4 c:/ac6/systemworkbench/plugins/fr.ac6.mcu.externaltools.arm-none.win32_1.17.0.201812190825/tools/compiler/bin/../lib/gcc/arm-none-eabi/7.3.1/../../../../arm-none-eabi/lib/thumb/v7e-m/fpv4-sp/hard\libc.a(lib_a-impure.o)
 .text          0x00000000        0x0 c:/ac6/systemworkbench/plugins/fr.ac6.mcu.externaltools.arm-none.win32_1.17.0.201812190825/tools/compiler/bin/../lib/gcc/arm-none-eabi/7.3.1/../../../../arm-none-eabi/lib/thumb/v7e-m/fpv4-sp/hard\libc.a(lib_a-init.o)
 .data          0x00000000        0x0 c:/ac6/systemworkbench/plugins/fr.ac6.mcu.externaltools.arm-none.win32_1.17.0.201812190825/tools/compiler/bin/../lib/gcc/arm-none-eabi/7.3.1/../../../../arm-none-eabi/lib/thumb/v7e-m/fpv4-sp/hard\libc.a(lib_a-init.o)
 .bss           0x00000000        0x0 c:/ac6/systemworkbench/plugins/fr.ac6.mcu.externaltools.arm-none.win32_1.17.0.201812190825/tools/compiler/bin/../lib/gcc/arm-none-eabi/7.3.1/../../../../arm-none-eabi/lib/thumb/v7e-m/fpv4-sp/hard\libc.a(lib_a-init.o)
 .text          0x00000000        0x0 c:/ac6/systemworkbench/plugins/fr.ac6.mcu.externaltools.arm-none.win32_1.17.0.201812190825/tools/compiler/bin/../lib/gcc/arm-none-eabi/7.3.1/../../../../arm-none-eabi/lib/thumb/v7e-m/fpv4-sp/hard\libc.a(lib_a-memset.o)
 .data          0x00000000        0x0 c:/ac6/systemworkbench/plugins/fr.ac6.mcu.externaltools.arm-none.win32_1.17.0.201812190825/tools/compiler/bin/../lib/gcc/arm-none-eabi/7.3.1/../../../../arm-none-eabi/lib/thumb/v7e-m/fpv4-sp/hard\libc.a(lib_a-memset.o)
 .bss           0x00000000        0x0 c:/ac6/systemworkbench/plugins/fr.ac6.mcu.externaltools.arm-none.win32_1.17.0.201812190825/tools/compiler/bin/../lib/gcc/arm-none-eabi/7.3.1/../../../../arm-none-eabi/lib/thumb/v7e-m/fpv4-sp/hard\libc.a(lib_a-memset.o)
 .text.memset   0x00000000       0x94 c:/ac6/systemworkbench/plugins/fr.ac6.mcu.externaltools.arm-none.win32_1.17.0.201812190825/tools/compiler/bin/../lib/gcc/arm-none-eabi/7.3.1/../../../../arm-none-eabi/lib/thumb/v7e-m/fpv4-sp/hard\libc.a(lib_a-memset.o)
 .debug_frame   0x00000000       0x38 c:/ac6/systemworkbench/plugins/fr.ac6.mcu.externaltools.arm-none.win32_1.17.0.201812190825/tools/compiler/bin/../lib/gcc/arm-none-eabi/7.3.1/../../../../arm-none-eabi/lib/thumb/v7e-m/fpv4-sp/hard\libc.a(lib_a-memset.o)
 .ARM.attributes
                0x00000000       0x34 c:/ac6/systemworkbench/plugins/fr.ac6.mcu.externaltools.arm-none.win32_1.17.0.201812190825/tools/compiler/bin/../lib/gcc/arm-none-eabi/7.3.1/../../../../arm-none-eabi/lib/thumb/v7e-m/fpv4-sp/hard\libc.a(lib_a-memset.o)
 .text          0x00000000        0x0 c:/ac6/systemworkbench/plugins/fr.ac6.mcu.externaltools.arm-none.win32_1.17.0.201812190825/tools/compiler/bin/../lib/gcc/arm-none-eabi/7.3.1/../../../../arm-none-eabi/lib/thumb/v7e-m/fpv4-sp/hard\libc.a(lib_a-__call_atexit.o)
 .data          0x00000000        0x0 c:/ac6/systemworkbench/plugins/fr.ac6.mcu.externaltools.arm-none.win32_1.17.0.201812190825/tools/compiler/bin/../lib/gcc/arm-none-eabi/7.3.1/../../../../arm-none-eabi/lib/thumb/v7e-m/fpv4-sp/hard\libc.a(lib_a-__call_atexit.o)
 .bss           0x00000000        0x0 c:/ac6/systemworkbench/plugins/fr.ac6.mcu.externaltools.arm-none.win32_1.17.0.201812190825/tools/compiler/bin/../lib/gcc/arm-none-eabi/7.3.1/../../../../arm-none-eabi/lib/thumb/v7e-m/fpv4-sp/hard\libc.a(lib_a-__call_atexit.o)
 .text.__call_exitprocs
                0x00000000       0xe8 c:/ac6/systemworkbench/plugins/fr.ac6.mcu.externaltools.arm-none.win32_1.17.0.201812190825/tools/compiler/bin/../lib/gcc/arm-none-eabi/7.3.1/../../../../arm-none-eabi/lib/thumb/v7e-m/fpv4-sp/hard\libc.a(lib_a-__call_atexit.o)
 .text          0x00000000        0x0 c:/ac6/systemworkbench/plugins/fr.ac6.mcu.externaltools.arm-none.win32_1.17.0.201812190825/tools/compiler/bin/../lib/gcc/arm-none-eabi/7.3.1/../../../../arm-none-eabi/lib/thumb/v7e-m/fpv4-sp/hard\libc.a(lib_a-atexit.o)
 .data          0x00000000        0x0 c:/ac6/systemworkbench/plugins/fr.ac6.mcu.externaltools.arm-none.win32_1.17.0.201812190825/tools/compiler/bin/../lib/gcc/arm-none-eabi/7.3.1/../../../../arm-none-eabi/lib/thumb/v7e-m/fpv4-sp/hard\libc.a(lib_a-atexit.o)
 .bss           0x00000000        0x0 c:/ac6/systemworkbench/plugins/fr.ac6.mcu.externaltools.arm-none.win32_1.17.0.201812190825/tools/compiler/bin/../lib/gcc/arm-none-eabi/7.3.1/../../../../arm-none-eabi/lib/thumb/v7e-m/fpv4-sp/hard\libc.a(lib_a-atexit.o)
 .text          0x00000000        0x0 c:/ac6/systemworkbench/plugins/fr.ac6.mcu.externaltools.arm-none.win32_1.17.0.201812190825/tools/compiler/bin/../lib/gcc/arm-none-eabi/7.3.1/../../../../arm-none-eabi/lib/thumb/v7e-m/fpv4-sp/hard\libc.a(lib_a-fini.o)
 .data          0x00000000        0x0 c:/ac6/systemworkbench/plugins/fr.ac6.mcu.externaltools.arm-none.win32_1.17.0.201812190825/tools/compiler/bin/../lib/gcc/arm-none-eabi/7.3.1/../../../../arm-none-eabi/lib/thumb/v7e-m/fpv4-sp/hard\libc.a(lib_a-fini.o)
 .bss           0x00000000        0x0 c:/ac6/systemworkbench/plugins/fr.ac6.mcu.externaltools.arm-none.win32_1.17.0.201812190825/tools/compiler/bin/../lib/gcc/arm-none-eabi/7.3.1/../../../../arm-none-eabi/lib/thumb/v7e-m/fpv4-sp/hard\libc.a(lib_a-fini.o)
 .text          0x00000000        0x0 c:/ac6/systemworkbench/plugins/fr.ac6.mcu.externaltools.arm-none.win32_1.17.0.201812190825/tools/compiler/bin/../lib/gcc/arm-none-eabi/7.3.1/../../../../arm-none-eabi/lib/thumb/v7e-m/fpv4-sp/hard\libc.a(lib_a-lock.o)
 .data          0x00000000        0x0 c:/ac6/systemworkbench/plugins/fr.ac6.mcu.externaltools.arm-none.win32_1.17.0.201812190825/tools/compiler/bin/../lib/gcc/arm-none-eabi/7.3.1/../../../../arm-none-eabi/lib/thumb/v7e-m/fpv4-sp/hard\libc.a(lib_a-lock.o)
 .bss           0x00000000        0x0 c:/ac6/systemworkbench/plugins/fr.ac6.mcu.externaltools.arm-none.win32_1.17.0.201812190825/tools/compiler/bin/../lib/gcc/arm-none-eabi/7.3.1/../../../../arm-none-eabi/lib/thumb/v7e-m/fpv4-sp/hard\libc.a(lib_a-lock.o)
 .text.__retarget_lock_init
                0x00000000        0x4 c:/ac6/systemworkbench/plugins/fr.ac6.mcu.externaltools.arm-none.win32_1.17.0.201812190825/tools/compiler/bin/../lib/gcc/arm-none-eabi/7.3.1/../../../../arm-none-eabi/lib/thumb/v7e-m/fpv4-sp/hard\libc.a(lib_a-lock.o)
 .text.__retarget_lock_init_recursive
                0x00000000        0x4 c:/ac6/systemworkbench/plugins/fr.ac6.mcu.externaltools.arm-none.win32_1.17.0.201812190825/tools/compiler/bin/../lib/gcc/arm-none-eabi/7.3.1/../../../../arm-none-eabi/lib/thumb/v7e-m/fpv4-sp/hard\libc.a(lib_a-lock.o)
 .text.__retarget_lock_close
                0x00000000        0x4 c:/ac6/systemworkbench/plugins/fr.ac6.mcu.externaltools.arm-none.win32_1.17.0.201812190825/tools/compiler/bin/../lib/gcc/arm-none-eabi/7.3.1/../../../../arm-none-eabi/lib/thumb/v7e-m/fpv4-sp/hard\libc.a(lib_a-lock.o)
 .text.__retarget_lock_close_recursive
                0x00000000        0x4 c:/ac6/systemworkbench/plugins/fr.ac6.mcu.externaltools.arm-none.win32_1.17.0.201812190825/tools/compiler/bin/../lib/gcc/arm-none-eabi/7.3.1/../../../../arm-none-eabi/lib/thumb/v7e-m/fpv4-sp/hard\libc.a(lib_a-lock.o)
 .text.__retarget_lock_acquire
                0x00000000        0x4 c:/ac6/systemworkbench/plugins/fr.ac6.mcu.externaltools.arm-none.win32_1.17.0.201812190825/tools/compiler/bin/../lib/gcc/arm-none-eabi/7.3.1/../../../../arm-none-eabi/lib/thumb/v7e-m/fpv4-sp/hard\libc.a(lib_a-lock.o)
 .text.__retarget_lock_try_acquire
                0x00000000        0x4 c:/ac6/systemworkbench/plugins/fr.ac6.mcu.externaltools.arm-none.win32_1.17.0.201812190825/tools/compiler/bin/../lib/gcc/arm-none-eabi/7.3.1/../../../../arm-none-eabi/lib/thumb/v7e-m/fpv4-sp/hard\libc.a(lib_a-lock.o)
 .text.__retarget_lock_try_acquire_recursive
                0x00000000        0x4 c:/ac6/systemworkbench/plugins/fr.ac6.mcu.externaltools.arm-none.win32_1.17.0.201812190825/tools/compiler/bin/../lib/gcc/arm-none-eabi/7.3.1/../../../../arm-none-eabi/lib/thumb/v7e-m/fpv4-sp/hard\libc.a(lib_a-lock.o)
 .text.__retarget_lock_release
                0x00000000        0x4 c:/ac6/systemworkbench/plugins/fr.ac6.mcu.externaltools.arm-none.win32_1.17.0.201812190825/tools/compiler/bin/../lib/gcc/arm-none-eabi/7.3.1/../../../../arm-none-eabi/lib/thumb/v7e-m/fpv4-sp/hard\libc.a(lib_a-lock.o)
 .text          0x00000000        0x0 c:/ac6/systemworkbench/plugins/fr.ac6.mcu.externaltools.arm-none.win32_1.17.0.201812190825/tools/compiler/bin/../lib/gcc/arm-none-eabi/7.3.1/../../../../arm-none-eabi/lib/thumb/v7e-m/fpv4-sp/hard\libc.a(lib_a-__atexit.o)
 .data          0x00000000        0x0 c:/ac6/systemworkbench/plugins/fr.ac6.mcu.externaltools.arm-none.win32_1.17.0.201812190825/tools/compiler/bin/../lib/gcc/arm-none-eabi/7.3.1/../../../../arm-none-eabi/lib/thumb/v7e-m/fpv4-sp/hard\libc.a(lib_a-__atexit.o)
 .bss           0x00000000        0x0 c:/ac6/systemworkbench/plugins/fr.ac6.mcu.externaltools.arm-none.win32_1.17.0.201812190825/tools/compiler/bin/../lib/gcc/arm-none-eabi/7.3.1/../../../../arm-none-eabi/lib/thumb/v7e-m/fpv4-sp/hard\libc.a(lib_a-__atexit.o)
 .text          0x00000000        0x0 c:/ac6/systemworkbench/plugins/fr.ac6.mcu.externaltools.arm-none.win32_1.17.0.201812190825/tools/compiler/bin/../lib/gcc/arm-none-eabi/7.3.1/thumb/v7e-m/fpv4-sp/hard/crtend.o
 .data          0x00000000        0x0 c:/ac6/systemworkbench/plugins/fr.ac6.mcu.externaltools.arm-none.win32_1.17.0.201812190825/tools/compiler/bin/../lib/gcc/arm-none-eabi/7.3.1/thumb/v7e-m/fpv4-sp/hard/crtend.o
 .bss           0x00000000        0x0 c:/ac6/systemworkbench/plugins/fr.ac6.mcu.externaltools.arm-none.win32_1.17.0.201812190825/tools/compiler/bin/../lib/gcc/arm-none-eabi/7.3.1/thumb/v7e-m/fpv4-sp/hard/crtend.o
 .eh_frame      0x00000000        0x4 c:/ac6/systemworkbench/plugins/fr.ac6.mcu.externaltools.arm-none.win32_1.17.0.201812190825/tools/compiler/bin/../lib/gcc/arm-none-eabi/7.3.1/thumb/v7e-m/fpv4-sp/hard/crtend.o
 .ARM.attributes
                0x00000000       0x34 c:/ac6/systemworkbench/plugins/fr.ac6.mcu.externaltools.arm-none.win32_1.17.0.201812190825/tools/compiler/bin/../lib/gcc/arm-none-eabi/7.3.1/thumb/v7e-m/fpv4-sp/hard/crtend.o
 .text          0x00000000        0x0 c:/ac6/systemworkbench/plugins/fr.ac6.mcu.externaltools.arm-none.win32_1.17.0.201812190825/tools/compiler/bin/../lib/gcc/arm-none-eabi/7.3.1/thumb/v7e-m/fpv4-sp/hard/crtn.o
 .data          0x00000000        0x0 c:/ac6/systemworkbench/plugins/fr.ac6.mcu.externaltools.arm-none.win32_1.17.0.201812190825/tools/compiler/bin/../lib/gcc/arm-none-eabi/7.3.1/thumb/v7e-m/fpv4-sp/hard/crtn.o
 .bss           0x00000000        0x0 c:/ac6/systemworkbench/plugins/fr.ac6.mcu.externaltools.arm-none.win32_1.17.0.201812190825/tools/compiler/bin/../lib/gcc/arm-none-eabi/7.3.1/thumb/v7e-m/fpv4-sp/hard/crtn.o

Memory Configuration

Name             Origin             Length             Attributes
RAM              0x20000000         0x00018000         xrw
ROM              0x08000000         0x00100000         xr
*default*        0x00000000         0xffffffff

Linker script and memory map

LOAD c:/ac6/systemworkbench/plugins/fr.ac6.mcu.externaltools.arm-none.win32_1.17.0.201812190825/tools/compiler/bin/../lib/gcc/arm-none-eabi/7.3.1/thumb/v7e-m/fpv4-sp/hard/crti.o
LOAD c:/ac6/systemworkbench/plugins/fr.ac6.mcu.externaltools.arm-none.win32_1.17.0.201812190825/tools/compiler/bin/../lib/gcc/arm-none-eabi/7.3.1/thumb/v7e-m/fpv4-sp/hard/crtbegin.o
LOAD c:/ac6/systemworkbench/plugins/fr.ac6.mcu.externaltools.arm-none.win32_1.17.0.201812190825/tools/compiler/bin/../lib/gcc/arm-none-eabi/7.3.1/../../../../arm-none-eabi/lib/thumb/v7e-m/fpv4-sp/hard/crt0.o
LOAD src/7seg.o
LOAD src/clock.o
LOAD src/helper_functions.o
LOAD src/keypad.o
LOAD src/led_button.o
LOAD src/main.o
LOAD src/timer.o
LOAD startup/startup_stm32.o
LOAD startup/sysmem.o
LOAD c:/ac6/systemworkbench/plugins/fr.ac6.mcu.externaltools.arm-none.win32_1.17.0.201812190825/tools/compiler/bin/../lib/gcc/arm-none-eabi/7.3.1/../../../../arm-none-eabi/lib/thumb/v7e-m/fpv4-sp/hard\libm.a
START GROUP
LOAD c:/ac6/systemworkbench/plugins/fr.ac6.mcu.externaltools.arm-none.win32_1.17.0.201812190825/tools/compiler/bin/../lib/gcc/arm-none-eabi/7.3.1/thumb/v7e-m/fpv4-sp/hard\libgcc.a
LOAD c:/ac6/systemworkbench/plugins/fr.ac6.mcu.externaltools.arm-none.win32_1.17.0.201812190825/tools/compiler/bin/../lib/gcc/arm-none-eabi/7.3.1/../../../../arm-none-eabi/lib/thumb/v7e-m/fpv4-sp/hard\libc.a
END GROUP
LOAD c:/ac6/systemworkbench/plugins/fr.ac6.mcu.externaltools.arm-none.win32_1.17.0.201812190825/tools/compiler/bin/../lib/gcc/arm-none-eabi/7.3.1/thumb/v7e-m/fpv4-sp/hard/crtend.o
LOAD c:/ac6/systemworkbench/plugins/fr.ac6.mcu.externaltools.arm-none.win32_1.17.0.201812190825/tools/compiler/bin/../lib/gcc/arm-none-eabi/7.3.1/thumb/v7e-m/fpv4-sp/hard/crtn.o
                0x20018000                _estack = 0x20018000
                0x00000000                _Min_Heap_Size = 0x0
                0x00000400                _Min_Stack_Size = 0x400

.isr_vector     0x08000000      0x188
                0x08000000                . = ALIGN (0x8)
 *(.isr_vector)
 .isr_vector    0x08000000      0x188 startup/startup_stm32.o
                0x08000000                g_pfnVectors
                0x08000188                . = ALIGN (0x8)

.text           0x08000188     0x1670
                0x08000188                . = ALIGN (0x8)
 *(.text)
 .text          0x08000188       0x40 c:/ac6/systemworkbench/plugins/fr.ac6.mcu.externaltools.arm-none.win32_1.17.0.201812190825/tools/compiler/bin/../lib/gcc/arm-none-eabi/7.3.1/thumb/v7e-m/fpv4-sp/hard/crtbegin.o
 .text          0x080001c8      0x378 c:/ac6/systemworkbench/plugins/fr.ac6.mcu.externaltools.arm-none.win32_1.17.0.201812190825/tools/compiler/bin/../lib/gcc/arm-none-eabi/7.3.1/thumb/v7e-m/fpv4-sp/hard\libgcc.a(_arm_addsubdf3.o)
                0x080001c8                __aeabi_drsub
                0x080001d0                __aeabi_dsub
                0x080001d0                __subdf3
                0x080001d4                __aeabi_dadd
                0x080001d4                __adddf3
                0x0800044c                __floatunsidf
                0x0800044c                __aeabi_ui2d
                0x0800046c                __floatsidf
                0x0800046c                __aeabi_i2d
                0x08000490                __aeabi_f2d
                0x08000490                __extendsfdf2
                0x080004d4                __floatundidf
                0x080004d4                __aeabi_ul2d
                0x080004e4                __floatdidf
                0x080004e4                __aeabi_l2d
 .text          0x08000540      0x110 c:/ac6/systemworkbench/plugins/fr.ac6.mcu.externaltools.arm-none.win32_1.17.0.201812190825/tools/compiler/bin/../lib/gcc/arm-none-eabi/7.3.1/thumb/v7e-m/fpv4-sp/hard\libgcc.a(_arm_cmpdf2.o)
                0x08000540                __gtdf2
                0x08000540                __gedf2
                0x08000548                __ltdf2
                0x08000548                __ledf2
                0x08000550                __nedf2
                0x08000550                __eqdf2
                0x08000550                __cmpdf2
                0x080005cc                __aeabi_cdrcmple
                0x080005dc                __aeabi_cdcmpeq
                0x080005dc                __aeabi_cdcmple
                0x080005ec                __aeabi_dcmpeq
                0x08000600                __aeabi_dcmplt
                0x08000614                __aeabi_dcmple
                0x08000628                __aeabi_dcmpge
                0x0800063c                __aeabi_dcmpgt
 *(.text*)
 .text.init_7seg
                0x08000650      0x100 src/7seg.o
                0x08000650                init_7seg
 .text.send_7seg
                0x08000750       0x96 src/7seg.o
                0x08000750                send_7seg
 .text.init_7seg_number
                0x080007e6       0x92 src/7seg.o
                0x080007e6                init_7seg_number
 .text.display_number
                0x08000878       0xb0 src/7seg.o
                0x08000878                display_number
 .text.NVIC_EnableIRQ
                0x08000928       0x34 src/clock.o
 .text.NVIC_SetPriority
                0x0800095c       0x54 src/clock.o
 .text.countdown_timer
                0x080009b0       0xf0 src/clock.o
                0x080009b0                countdown_timer
 .text.music_play
                0x08000aa0       0x26 src/clock.o
                0x08000aa0                music_play
 *fill*         0x08000ac6        0x2 
 .text.second_dis
                0x08000ac8       0xe4 src/clock.o
                0x08000ac8                second_dis
 .text.music_Init
                0x08000bac       0x30 src/clock.o
                0x08000bac                music_Init
 .text.EXTI_Setup
                0x08000bdc      0x154 src/clock.o
                0x08000bdc                EXTI_Setup
 .text.set_gpio
                0x08000d30       0x28 src/helper_functions.o
                0x08000d30                set_gpio
 .text.reset_gpio
                0x08000d58       0x28 src/helper_functions.o
                0x08000d58                reset_gpio
 .text.set_push
                0x08000d80       0x2a src/helper_functions.o
                0x08000d80                set_push
 .text.reset_push
                0x08000daa       0x28 src/helper_functions.o
                0x08000daa                reset_push
 *fill*         0x08000dd2        0x2 
 .text.FPU_init
                0x08000dd4       0x2c src/helper_functions.o
                0x08000dd4                FPU_init
 .text.num_digits
                0x08000e00       0x48 src/helper_functions.o
                0x08000e00                num_digits
 .text.init_keypad
                0x08000e48      0x140 src/keypad.o
                0x08000e48                init_keypad
 .text.init_button
                0x08000f88       0x84 src/led_button.o
                0x08000f88                init_button
 .text.EXTIKeypadHandler
                0x0800100c       0x9c src/main.o
                0x0800100c                EXTIKeypadHandler
 .text.SysTick_Handler
                0x080010a8       0x54 src/main.o
                0x080010a8                SysTick_Handler
 .text.EXTI3_IRQHandler
                0x080010fc       0x24 src/main.o
                0x080010fc                EXTI3_IRQHandler
 .text.EXTI4_IRQHandler
                0x08001120       0x24 src/main.o
                0x08001120                EXTI4_IRQHandler
 .text.EXTI9_5_IRQHandler
                0x08001144       0x3c src/main.o
                0x08001144                EXTI9_5_IRQHandler
 .text.EXTI15_10_IRQHandler
                0x08001180       0x68 src/main.o
                0x08001180                EXTI15_10_IRQHandler
 .text.main     0x080011e8       0x70 src/main.o
                0x080011e8                main
 .text.SystemClock_Config
                0x08001258      0x180 src/timer.o
                0x08001258                SystemClock_Config
 .text.SystemClock_Config_Interrupt
                0x080013d8       0x48 src/timer.o
                0x080013d8                SystemClock_Config_Interrupt
 .text.timer_enable
                0x08001420       0x48 src/timer.o
                0x08001420                timer_enable
 .text.timer_disable
                0x08001468       0x48 src/timer.o
                0x08001468                timer_disable
 .text.timer_init
                0x080014b0       0x38 src/timer.o
                0x080014b0                timer_init
 .text.timer_start
                0x080014e8       0x20 src/timer.o
                0x080014e8                timer_start
 .text.timer_stop
                0x08001508       0x20 src/timer.o
                0x08001508                timer_stop
 .text.GPIO_init_AF
                0x08001528       0x60 src/timer.o
                0x08001528                GPIO_init_AF
 .text.PWM_channel_init
                0x08001588       0x9e src/timer.o
                0x08001588                PWM_channel_init
 *fill*         0x08001626        0x2 
 .text.Reset_Handler
                0x08001628       0x50 startup/startup_stm32.o
                0x08001628                Reset_Handler
 .text.Default_Handler
                0x08001678        0x2 startup/startup_stm32.o
                0x08001678                EXTI2_IRQHandler
                0x08001678                TIM8_TRG_COM_IRQHandler
                0x08001678                TIM8_CC_IRQHandler
                0x08001678                DebugMon_Handler
                0x08001678                DMA1_CH4_IRQHandler
                0x08001678                TIM1_CC_IRQHandler
                0x08001678                TSC_IRQHandler
                0x08001678                HardFault_Handler
                0x08001678                TAMP_STAMP_IRQHandler
                0x08001678                PendSV_Handler
                0x08001678                NMI_Handler
                0x08001678                LPTIM2_IRQHandler
                0x08001678                DFSDM1_FLT1_IRQHandler
                0x08001678                I2C3_ER_IRQHandler
                0x08001678                DFSDM1_FLT2_IRQHandler
                0x08001678                TIM6_DACUNDER_IRQHandler
                0x08001678                EXTI0_IRQHandler
                0x08001678                I2C2_EV_IRQHandler
                0x08001678                DMA2_CH1_IRQHandler
                0x08001678                CAN1_RX0_IRQHandler
                0x08001678                FPU_IRQHandler
                0x08001678                TIM1_UP_TIM16_IRQHandler
                0x08001678                DMA2_CH7_IRQHandler
                0x08001678                UsageFault_Handler
                0x08001678                ADC1_2_IRQHandler
                0x08001678                SPI1_IRQHandler
                0x08001678                DMA1_CH7_IRQHandler
                0x08001678                TIM8_UP_IRQHandler
                0x08001678                RTC_ALARM_IRQHandler
                0x08001678                SAI2_IRQHandler
                0x08001678                DFSDM1_FLT3_IRQHandler
                0x08001678                DMA1_CH6_IRQHandler
                0x08001678                USART3_IRQHandler
                0x08001678                CAN1_RX1_IRQHandler
                0x08001678                LCD_IRQHandler
                0x08001678                UART5_IRQHandler
                0x08001678                ADC3_IRQHandler
                0x08001678                TIM4_IRQHandler
                0x08001678                QUADSPI_IRQHandler
                0x08001678                I2C1_EV_IRQHandler
                0x08001678                DMA2_CH5_IRQHandler
                0x08001678                UART4_IRQHandler
                0x08001678                DMA1_CH3_IRQHandler
                0x08001678                TIM3_IRQHandler
                0x08001678                RCC_IRQHandler
                0x08001678                Default_Handler
                0x08001678                TIM7_IRQHandler
                0x08001678                SDMMC1_IRQHandler
                0x08001678                TIM5_IRQHandler
                0x08001678                I2C3_EV_IRQHandler
                0x08001678                DMA1_CH2_IRQHandler
                0x08001678                RTC_WKUP_IRQHandler
                0x08001678                PVD_PVM_IRQHandler
                0x08001678                SPI2_IRQHandler
                0x08001678                DMA1_CH1_IRQHandler
                0x08001678                MemManage_Handler
                0x08001678                CAN1_TX_IRQHandler
                0x08001678                SVC_Handler
                0x08001678                RNG_IRQHandler
                0x08001678                TIM1_TRG_COM_TIM17_IRQHandler
                0x08001678                COMP_IRQHandler
                0x08001678                WWDG_IRQHandler
                0x08001678                LPUART1_IRQHandler
                0x08001678                TIM2_IRQHandler
                0x08001678                EXTI1_IRQHandler
                0x08001678                AES_IRQHandler
                0x08001678                USART2_IRQHandler
                0x08001678                DFSDM1_FLT0_IRQHandler
                0x08001678                I2C2_ER_IRQHandler
                0x08001678                TIM8_BRK_IRQHandler
                0x08001678                CAN1_SCE_IRQHandler
                0x08001678                FLASH_IRQHandler
                0x08001678                BusFault_Handler
                0x08001678                USART1_IRQHandler
                0x08001678                OTG_FS_IRQHandler
                0x08001678                SPI3_IRQHandler
                0x08001678                DMA2_CH6_IRQHandler
                0x08001678                DMA2_CH3_IRQHandler
                0x08001678                DMA2_CH2_IRQHandler
                0x08001678                I2C1_ER_IRQHandler
                0x08001678                FMC_IRQHandler
                0x08001678                DMA1_CH5_IRQHandler
                0x08001678                DMA2_CH4_IRQHandler
                0x08001678                SWPMI1_IRQHandler
                0x08001678                LPTIM1_IRQHandler
                0x08001678                SAI1_IRQHandler
                0x08001678                TIM1_BRK_TIM15_IRQHandler
 *fill*         0x0800167a        0x2 
 .text.__libc_init_array
                0x0800167c       0x48 c:/ac6/systemworkbench/plugins/fr.ac6.mcu.externaltools.arm-none.win32_1.17.0.201812190825/tools/compiler/bin/../lib/gcc/arm-none-eabi/7.3.1/../../../../arm-none-eabi/lib/thumb/v7e-m/fpv4-sp/hard\libc.a(lib_a-init.o)
                0x0800167c                __libc_init_array
 .text.startup.register_fini
                0x080016c4       0x14 c:/ac6/systemworkbench/plugins/fr.ac6.mcu.externaltools.arm-none.win32_1.17.0.201812190825/tools/compiler/bin/../lib/gcc/arm-none-eabi/7.3.1/../../../../arm-none-eabi/lib/thumb/v7e-m/fpv4-sp/hard\libc.a(lib_a-__call_atexit.o)
 .text.atexit   0x080016d8        0xc c:/ac6/systemworkbench/plugins/fr.ac6.mcu.externaltools.arm-none.win32_1.17.0.201812190825/tools/compiler/bin/../lib/gcc/arm-none-eabi/7.3.1/../../../../arm-none-eabi/lib/thumb/v7e-m/fpv4-sp/hard\libc.a(lib_a-atexit.o)
                0x080016d8                atexit
 .text.__libc_fini_array
                0x080016e4       0x34 c:/ac6/systemworkbench/plugins/fr.ac6.mcu.externaltools.arm-none.win32_1.17.0.201812190825/tools/compiler/bin/../lib/gcc/arm-none-eabi/7.3.1/../../../../arm-none-eabi/lib/thumb/v7e-m/fpv4-sp/hard\libc.a(lib_a-fini.o)
                0x080016e4                __libc_fini_array
 .text.__retarget_lock_acquire_recursive
                0x08001718        0x4 c:/ac6/systemworkbench/plugins/fr.ac6.mcu.externaltools.arm-none.win32_1.17.0.201812190825/tools/compiler/bin/../lib/gcc/arm-none-eabi/7.3.1/../../../../arm-none-eabi/lib/thumb/v7e-m/fpv4-sp/hard\libc.a(lib_a-lock.o)
                0x08001718                __retarget_lock_acquire_recursive
 .text.__retarget_lock_release_recursive
                0x0800171c        0x4 c:/ac6/systemworkbench/plugins/fr.ac6.mcu.externaltools.arm-none.win32_1.17.0.201812190825/tools/compiler/bin/../lib/gcc/arm-none-eabi/7.3.1/../../../../arm-none-eabi/lib/thumb/v7e-m/fpv4-sp/hard\libc.a(lib_a-lock.o)
                0x0800171c                __retarget_lock_release_recursive
 .text.__register_exitproc
                0x08001720       0xc0 c:/ac6/systemworkbench/plugins/fr.ac6.mcu.externaltools.arm-none.win32_1.17.0.201812190825/tools/compiler/bin/../lib/gcc/arm-none-eabi/7.3.1/../../../../arm-none-eabi/lib/thumb/v7e-m/fpv4-sp/hard\libc.a(lib_a-__atexit.o)
                0x08001720                __register_exitproc
 *(.glue_7)
 .glue_7        0x080017e0        0x0 linker stubs
 *(.glue_7t)
 .glue_7t       0x080017e0        0x0 linker stubs
 *(.eh_frame)
 .eh_frame      0x080017e0        0x0 c:/ac6/systemworkbench/plugins/fr.ac6.mcu.externaltools.arm-none.win32_1.17.0.201812190825/tools/compiler/bin/../lib/gcc/arm-none-eabi/7.3.1/thumb/v7e-m/fpv4-sp/hard/crtbegin.o
 *(.init)
 .init          0x080017e0        0x4 c:/ac6/systemworkbench/plugins/fr.ac6.mcu.externaltools.arm-none.win32_1.17.0.201812190825/tools/compiler/bin/../lib/gcc/arm-none-eabi/7.3.1/thumb/v7e-m/fpv4-sp/hard/crti.o
                0x080017e0                _init
 .init          0x080017e4        0x8 c:/ac6/systemworkbench/plugins/fr.ac6.mcu.externaltools.arm-none.win32_1.17.0.201812190825/tools/compiler/bin/../lib/gcc/arm-none-eabi/7.3.1/thumb/v7e-m/fpv4-sp/hard/crtn.o
 *(.fini)
 .fini          0x080017ec        0x4 c:/ac6/systemworkbench/plugins/fr.ac6.mcu.externaltools.arm-none.win32_1.17.0.201812190825/tools/compiler/bin/../lib/gcc/arm-none-eabi/7.3.1/thumb/v7e-m/fpv4-sp/hard/crti.o
                0x080017ec                _fini
 .fini          0x080017f0        0x8 c:/ac6/systemworkbench/plugins/fr.ac6.mcu.externaltools.arm-none.win32_1.17.0.201812190825/tools/compiler/bin/../lib/gcc/arm-none-eabi/7.3.1/thumb/v7e-m/fpv4-sp/hard/crtn.o
                0x080017f8                . = ALIGN (0x8)
                0x080017f8                _etext = .

.vfp11_veneer   0x080017f8        0x0
 .vfp11_veneer  0x080017f8        0x0 linker stubs

.v4_bx          0x080017f8        0x0
 .v4_bx         0x080017f8        0x0 linker stubs

.iplt           0x080017f8        0x0
 .iplt          0x080017f8        0x0 c:/ac6/systemworkbench/plugins/fr.ac6.mcu.externaltools.arm-none.win32_1.17.0.201812190825/tools/compiler/bin/../lib/gcc/arm-none-eabi/7.3.1/thumb/v7e-m/fpv4-sp/hard/crtbegin.o

.rodata         0x080017f8       0x48
                0x080017f8                . = ALIGN (0x8)
 *(.rodata)
 .rodata        0x080017f8       0x40 src/keypad.o
                0x080017f8                keypad
 *(.rodata*)
 .rodata._global_impure_ptr
                0x08001838        0x4 c:/ac6/systemworkbench/plugins/fr.ac6.mcu.externaltools.arm-none.win32_1.17.0.201812190825/tools/compiler/bin/../lib/gcc/arm-none-eabi/7.3.1/../../../../arm-none-eabi/lib/thumb/v7e-m/fpv4-sp/hard\libc.a(lib_a-impure.o)
                0x08001838                _global_impure_ptr
                0x08001840                . = ALIGN (0x8)
 *fill*         0x0800183c        0x4 

.rel.dyn        0x08001840        0x0
 .rel.iplt      0x08001840        0x0 c:/ac6/systemworkbench/plugins/fr.ac6.mcu.externaltools.arm-none.win32_1.17.0.201812190825/tools/compiler/bin/../lib/gcc/arm-none-eabi/7.3.1/thumb/v7e-m/fpv4-sp/hard/crtbegin.o

.ARM.extab      0x08001840        0x0
                0x08001840                . = ALIGN (0x8)
 *(.ARM.extab* .gnu.linkonce.armextab.*)
                0x08001840                . = ALIGN (0x8)

.ARM            0x08001840        0x0
                0x08001840                . = ALIGN (0x8)
                0x08001840                __exidx_start = .
 *(.ARM.exidx*)
                0x08001840                __exidx_end = .
                0x08001840                . = ALIGN (0x8)

.preinit_array  0x08001840        0x0
                0x08001840                . = ALIGN (0x8)
                0x08001840                PROVIDE (__preinit_array_start = .)
 *(.preinit_array*)
                0x08001840                PROVIDE (__preinit_array_end = .)
                0x08001840                . = ALIGN (0x8)

.init_array     0x08001840        0x8
                0x08001840                . = ALIGN (0x8)
                0x08001840                PROVIDE (__init_array_start = .)
 *(SORT_BY_NAME(.init_array.*))
 .init_array.00000
                0x08001840        0x4 c:/ac6/systemworkbench/plugins/fr.ac6.mcu.externaltools.arm-none.win32_1.17.0.201812190825/tools/compiler/bin/../lib/gcc/arm-none-eabi/7.3.1/../../../../arm-none-eabi/lib/thumb/v7e-m/fpv4-sp/hard\libc.a(lib_a-__call_atexit.o)
 *(.init_array*)
 .init_array    0x08001844        0x4 c:/ac6/systemworkbench/plugins/fr.ac6.mcu.externaltools.arm-none.win32_1.17.0.201812190825/tools/compiler/bin/../lib/gcc/arm-none-eabi/7.3.1/thumb/v7e-m/fpv4-sp/hard/crtbegin.o
                0x08001848                PROVIDE (__init_array_end = .)
                0x08001848                . = ALIGN (0x8)

.fini_array     0x08001848        0x8
                0x08001848                . = ALIGN (0x8)
                0x08001848                PROVIDE (__fini_array_start = .)
 *(SORT_BY_NAME(.fini_array.*))
 *(.fini_array*)
 .fini_array    0x08001848        0x4 c:/ac6/systemworkbench/plugins/fr.ac6.mcu.externaltools.arm-none.win32_1.17.0.201812190825/tools/compiler/bin/../lib/gcc/arm-none-eabi/7.3.1/thumb/v7e-m/fpv4-sp/hard/crtbegin.o
                0x0800184c                PROVIDE (__fini_array_end = .)
                0x08001850                . = ALIGN (0x8)
 *fill*         0x0800184c        0x4 
                0x08001850                _sidata = LOADADDR (.data)

.data           0x20000000      0x440 load address 0x08001850
                0x20000000                . = ALIGN (0x8)
                0x20000000                _sdata = .
 *(.data)
 .data          0x20000000        0x4 src/clock.o
                0x20000000                display_num
 .data          0x20000004        0xc src/main.o
                0x20000004                now_col
                0x20000008                keyValue
                0x2000000c                num
 *(.data*)
 .data.impure_data
                0x20000010      0x428 c:/ac6/systemworkbench/plugins/fr.ac6.mcu.externaltools.arm-none.win32_1.17.0.201812190825/tools/compiler/bin/../lib/gcc/arm-none-eabi/7.3.1/../../../../arm-none-eabi/lib/thumb/v7e-m/fpv4-sp/hard\libc.a(lib_a-impure.o)
 .data.__atexit_recursive_mutex
                0x20000438        0x4 c:/ac6/systemworkbench/plugins/fr.ac6.mcu.externaltools.arm-none.win32_1.17.0.201812190825/tools/compiler/bin/../lib/gcc/arm-none-eabi/7.3.1/../../../../arm-none-eabi/lib/thumb/v7e-m/fpv4-sp/hard\libc.a(lib_a-__call_atexit.o)
                0x20000438                __atexit_recursive_mutex
                0x20000440                . = ALIGN (0x8)
 *fill*         0x2000043c        0x4 
                0x20000440                _edata = .

.igot.plt       0x20000440        0x0 load address 0x08001c90
 .igot.plt      0x20000440        0x0 c:/ac6/systemworkbench/plugins/fr.ac6.mcu.externaltools.arm-none.win32_1.17.0.201812190825/tools/compiler/bin/../lib/gcc/arm-none-eabi/7.3.1/thumb/v7e-m/fpv4-sp/hard/crtbegin.o
                0x20000440                . = ALIGN (0x8)

.bss            0x20000440       0x50 load address 0x08001c90
                0x20000440                _sbss = .
                0x20000440                __bss_start__ = _sbss
 *(.bss)
 .bss           0x20000440       0x1c c:/ac6/systemworkbench/plugins/fr.ac6.mcu.externaltools.arm-none.win32_1.17.0.201812190825/tools/compiler/bin/../lib/gcc/arm-none-eabi/7.3.1/thumb/v7e-m/fpv4-sp/hard/crtbegin.o
 .bss           0x2000045c        0x8 src/clock.o
                0x2000045c                last_num
                0x20000460                round
 .bss           0x20000464        0x4 src/main.o
                0x20000464                keyCnt
 *(.bss*)
 *(COMMON)
 COMMON         0x20000468       0x21 c:/ac6/systemworkbench/plugins/fr.ac6.mcu.externaltools.arm-none.win32_1.17.0.201812190825/tools/compiler/bin/../lib/gcc/arm-none-eabi/7.3.1/../../../../arm-none-eabi/lib/thumb/v7e-m/fpv4-sp/hard\libc.a(lib_a-lock.o)
                0x20000468                __lock___atexit_recursive_mutex
                0x2000046c                __lock___arc4random_mutex
                0x20000470                __lock___env_recursive_mutex
                0x20000474                __lock___sinit_recursive_mutex
                0x20000478                __lock___malloc_recursive_mutex
                0x2000047c                __lock___at_quick_exit_mutex
                0x20000480                __lock___dd_hash_mutex
                0x20000484                __lock___tz_mutex
                0x20000488                __lock___sfp_recursive_mutex
                0x20000490                . = ALIGN (0x8)
 *fill*         0x20000489        0x7 
                0x20000490                _ebss = .
                0x20000490                __bss_end__ = _ebss

._user_heap_stack
                0x20000490      0x400 load address 0x08001c90
                0x20000490                . = ALIGN (0x8)
                0x20000490                PROVIDE (end = .)
                [!provide]                PROVIDE (_end = .)
                0x20000490                . = (. + _Min_Heap_Size)
                0x20000890                . = (. + _Min_Stack_Size)
 *fill*         0x20000490      0x400 
                0x20000890                . = ALIGN (0x8)

/DISCARD/
 libc.a(*)
 libm.a(*)
 libgcc.a(*)

.ARM.attributes
                0x00000000       0x30
 *(.ARM.attributes)
 .ARM.attributes
                0x00000000       0x22 c:/ac6/systemworkbench/plugins/fr.ac6.mcu.externaltools.arm-none.win32_1.17.0.201812190825/tools/compiler/bin/../lib/gcc/arm-none-eabi/7.3.1/thumb/v7e-m/fpv4-sp/hard/crti.o
 .ARM.attributes
                0x00000022       0x34 c:/ac6/systemworkbench/plugins/fr.ac6.mcu.externaltools.arm-none.win32_1.17.0.201812190825/tools/compiler/bin/../lib/gcc/arm-none-eabi/7.3.1/thumb/v7e-m/fpv4-sp/hard/crtbegin.o
 .ARM.attributes
                0x00000056       0x39 src/7seg.o
 .ARM.attributes
                0x0000008f       0x39 src/clock.o
 .ARM.attributes
                0x000000c8       0x39 src/helper_functions.o
 .ARM.attributes
                0x00000101       0x39 src/keypad.o
 .ARM.attributes
                0x0000013a       0x39 src/led_button.o
 .ARM.attributes
                0x00000173       0x39 src/main.o
 .ARM.attributes
                0x000001ac       0x39 src/timer.o
 .ARM.attributes
                0x000001e5       0x21 startup/startup_stm32.o
 .ARM.attributes
                0x00000206       0x22 c:/ac6/systemworkbench/plugins/fr.ac6.mcu.externaltools.arm-none.win32_1.17.0.201812190825/tools/compiler/bin/../lib/gcc/arm-none-eabi/7.3.1/thumb/v7e-m/fpv4-sp/hard\libgcc.a(_arm_addsubdf3.o)
 .ARM.attributes
                0x00000228       0x22 c:/ac6/systemworkbench/plugins/fr.ac6.mcu.externaltools.arm-none.win32_1.17.0.201812190825/tools/compiler/bin/../lib/gcc/arm-none-eabi/7.3.1/thumb/v7e-m/fpv4-sp/hard\libgcc.a(_arm_cmpdf2.o)
 .ARM.attributes
                0x0000024a       0x34 c:/ac6/systemworkbench/plugins/fr.ac6.mcu.externaltools.arm-none.win32_1.17.0.201812190825/tools/compiler/bin/../lib/gcc/arm-none-eabi/7.3.1/../../../../arm-none-eabi/lib/thumb/v7e-m/fpv4-sp/hard\libc.a(lib_a-impure.o)
 .ARM.attributes
                0x0000027e       0x34 c:/ac6/systemworkbench/plugins/fr.ac6.mcu.externaltools.arm-none.win32_1.17.0.201812190825/tools/compiler/bin/../lib/gcc/arm-none-eabi/7.3.1/../../../../arm-none-eabi/lib/thumb/v7e-m/fpv4-sp/hard\libc.a(lib_a-init.o)
 .ARM.attributes
                0x000002b2       0x34 c:/ac6/systemworkbench/plugins/fr.ac6.mcu.externaltools.arm-none.win32_1.17.0.201812190825/tools/compiler/bin/../lib/gcc/arm-none-eabi/7.3.1/../../../../arm-none-eabi/lib/thumb/v7e-m/fpv4-sp/hard\libc.a(lib_a-__call_atexit.o)
 .ARM.attributes
                0x000002e6       0x34 c:/ac6/systemworkbench/plugins/fr.ac6.mcu.externaltools.arm-none.win32_1.17.0.201812190825/tools/compiler/bin/../lib/gcc/arm-none-eabi/7.3.1/../../../../arm-none-eabi/lib/thumb/v7e-m/fpv4-sp/hard\libc.a(lib_a-atexit.o)
 .ARM.attributes
                0x0000031a       0x34 c:/ac6/systemworkbench/plugins/fr.ac6.mcu.externaltools.arm-none.win32_1.17.0.201812190825/tools/compiler/bin/../lib/gcc/arm-none-eabi/7.3.1/../../../../arm-none-eabi/lib/thumb/v7e-m/fpv4-sp/hard\libc.a(lib_a-fini.o)
 .ARM.attributes
                0x0000034e       0x34 c:/ac6/systemworkbench/plugins/fr.ac6.mcu.externaltools.arm-none.win32_1.17.0.201812190825/tools/compiler/bin/../lib/gcc/arm-none-eabi/7.3.1/../../../../arm-none-eabi/lib/thumb/v7e-m/fpv4-sp/hard\libc.a(lib_a-lock.o)
 .ARM.attributes
                0x00000382       0x34 c:/ac6/systemworkbench/plugins/fr.ac6.mcu.externaltools.arm-none.win32_1.17.0.201812190825/tools/compiler/bin/../lib/gcc/arm-none-eabi/7.3.1/../../../../arm-none-eabi/lib/thumb/v7e-m/fpv4-sp/hard\libc.a(lib_a-__atexit.o)
 .ARM.attributes
                0x000003b6       0x22 c:/ac6/systemworkbench/plugins/fr.ac6.mcu.externaltools.arm-none.win32_1.17.0.201812190825/tools/compiler/bin/../lib/gcc/arm-none-eabi/7.3.1/thumb/v7e-m/fpv4-sp/hard/crtn.o
OUTPUT(Homework6_3_2.elf elf32-littlearm)

.debug_info     0x00000000     0x3510
 .debug_info    0x00000000      0x95d src/7seg.o
 .debug_info    0x0000095d      0xd9e src/clock.o
 .debug_info    0x000016fb      0x573 src/helper_functions.o
 .debug_info    0x00001c6e      0x645 src/keypad.o
 .debug_info    0x000022b3      0x440 src/led_button.o
 .debug_info    0x000026f3      0x73e src/main.o
 .debug_info    0x00002e31      0x6bd src/timer.o
 .debug_info    0x000034ee       0x22 startup/startup_stm32.o

.debug_abbrev   0x00000000      0xa70
 .debug_abbrev  0x00000000      0x17f src/7seg.o
 .debug_abbrev  0x0000017f      0x210 src/clock.o
 .debug_abbrev  0x0000038f      0x1a6 src/helper_functions.o
 .debug_abbrev  0x00000535      0x166 src/keypad.o
 .debug_abbrev  0x0000069b      0x134 src/led_button.o
 .debug_abbrev  0x000007cf      0x154 src/main.o
 .debug_abbrev  0x00000923      0x13b src/timer.o
 .debug_abbrev  0x00000a5e       0x12 startup/startup_stm32.o

.debug_aranges  0x00000000      0x278
 .debug_aranges
                0x00000000       0x70 src/7seg.o
 .debug_aranges
                0x00000070       0x58 src/clock.o
 .debug_aranges
                0x000000c8       0x70 src/helper_functions.o
 .debug_aranges
                0x00000138       0x30 src/keypad.o
 .debug_aranges
                0x00000168       0x30 src/led_button.o
 .debug_aranges
                0x00000198       0x50 src/main.o
 .debug_aranges
                0x000001e8       0x68 src/timer.o
 .debug_aranges
                0x00000250       0x28 startup/startup_stm32.o

.debug_ranges   0x00000000      0x218
 .debug_ranges  0x00000000       0x60 src/7seg.o
 .debug_ranges  0x00000060       0x60 src/clock.o
 .debug_ranges  0x000000c0       0x60 src/helper_functions.o
 .debug_ranges  0x00000120       0x20 src/keypad.o
 .debug_ranges  0x00000140       0x20 src/led_button.o
 .debug_ranges  0x00000160       0x40 src/main.o
 .debug_ranges  0x000001a0       0x58 src/timer.o
 .debug_ranges  0x000001f8       0x20 startup/startup_stm32.o

.debug_macro    0x00000000    0x1c763
 .debug_macro   0x00000000       0xc8 src/7seg.o
 .debug_macro   0x000000c8      0xa66 src/7seg.o
 .debug_macro   0x00000b2e       0x28 src/7seg.o
 .debug_macro   0x00000b56       0x22 src/7seg.o
 .debug_macro   0x00000b78       0x8e src/7seg.o
 .debug_macro   0x00000c06       0x51 src/7seg.o
 .debug_macro   0x00000c57       0xef src/7seg.o
 .debug_macro   0x00000d46       0x6a src/7seg.o
 .debug_macro   0x00000db0      0x1df src/7seg.o
 .debug_macro   0x00000f8f       0x35 src/7seg.o
 .debug_macro   0x00000fc4       0x50 src/7seg.o
 .debug_macro   0x00001014      0xe66 src/7seg.o
 .debug_macro   0x00001e7a    0x1a16e src/7seg.o
 .debug_macro   0x0001bfe8      0x124 src/7seg.o
 .debug_macro   0x0001c10c       0x10 src/7seg.o
 .debug_macro   0x0001c11c       0xe0 src/clock.o
 .debug_macro   0x0001c1fc      0x12a src/clock.o
 .debug_macro   0x0001c326       0xc0 src/helper_functions.o
 .debug_macro   0x0001c3e6       0xba src/keypad.o
 .debug_macro   0x0001c4a0       0xba src/led_button.o
 .debug_macro   0x0001c55a      0x14f src/main.o
 .debug_macro   0x0001c6a9       0xba src/timer.o

.debug_line     0x00000000     0x1fc7
 .debug_line    0x00000000      0x5d5 src/7seg.o
 .debug_line    0x000005d5      0x46c src/clock.o
 .debug_line    0x00000a41      0x446 src/helper_functions.o
 .debug_line    0x00000e87      0x477 src/keypad.o
 .debug_line    0x000012fe      0x3b3 src/led_button.o
 .debug_line    0x000016b1      0x43e src/main.o
 .debug_line    0x00001aef      0x45c src/timer.o
 .debug_line    0x00001f4b       0x7c startup/startup_stm32.o

.debug_str      0x00000000    0x9b8a1
 .debug_str     0x00000000    0x9add0 src/7seg.o
                              0x9af96 (size before relaxing)
 .debug_str     0x0009add0      0x6e2 src/clock.o
                              0x9b60d (size before relaxing)
 .debug_str     0x0009b4b2       0x94 src/helper_functions.o
                              0x9a972 (size before relaxing)
 .debug_str     0x0009b546       0x71 src/keypad.o
                              0x9aa07 (size before relaxing)
 .debug_str     0x0009b5b7       0x6a src/led_button.o
                              0x9a9df (size before relaxing)
 .debug_str     0x0009b621      0x165 src/main.o
                              0x9b0ed (size before relaxing)
 .debug_str     0x0009b786       0xbf src/timer.o
                              0x9aab0 (size before relaxing)
 .debug_str     0x0009b845       0x5c startup/startup_stm32.o

.comment        0x00000000       0x7f
 .comment       0x00000000       0x7f src/7seg.o
                                 0x80 (size before relaxing)
 .comment       0x0000007f       0x80 src/clock.o
 .comment       0x0000007f       0x80 src/helper_functions.o
 .comment       0x0000007f       0x80 src/keypad.o
 .comment       0x0000007f       0x80 src/led_button.o
 .comment       0x0000007f       0x80 src/main.o
 .comment       0x0000007f       0x80 src/timer.o

.debug_frame    0x00000000      0xb70
 .debug_frame   0x00000000      0x1e8 src/7seg.o
 .debug_frame   0x000001e8      0x124 src/clock.o
 .debug_frame   0x0000030c      0x1b8 src/helper_functions.o
 .debug_frame   0x000004c4       0x88 src/keypad.o
 .debug_frame   0x0000054c       0x84 src/led_button.o
 .debug_frame   0x000005d0       0xe4 src/main.o
 .debug_frame   0x000006b4      0x18c src/timer.o
 .debug_frame   0x00000840       0xac c:/ac6/systemworkbench/plugins/fr.ac6.mcu.externaltools.arm-none.win32_1.17.0.201812190825/tools/compiler/bin/../lib/gcc/arm-none-eabi/7.3.1/thumb/v7e-m/fpv4-sp/hard\libgcc.a(_arm_addsubdf3.o)
 .debug_frame   0x000008ec       0xc4 c:/ac6/systemworkbench/plugins/fr.ac6.mcu.externaltools.arm-none.win32_1.17.0.201812190825/tools/compiler/bin/../lib/gcc/arm-none-eabi/7.3.1/thumb/v7e-m/fpv4-sp/hard\libgcc.a(_arm_cmpdf2.o)
 .debug_frame   0x000009b0       0x2c c:/ac6/systemworkbench/plugins/fr.ac6.mcu.externaltools.arm-none.win32_1.17.0.201812190825/tools/compiler/bin/../lib/gcc/arm-none-eabi/7.3.1/../../../../arm-none-eabi/lib/thumb/v7e-m/fpv4-sp/hard\libc.a(lib_a-init.o)
 .debug_frame   0x000009dc       0x5c c:/ac6/systemworkbench/plugins/fr.ac6.mcu.externaltools.arm-none.win32_1.17.0.201812190825/tools/compiler/bin/../lib/gcc/arm-none-eabi/7.3.1/../../../../arm-none-eabi/lib/thumb/v7e-m/fpv4-sp/hard\libc.a(lib_a-__call_atexit.o)
 .debug_frame   0x00000a38       0x20 c:/ac6/systemworkbench/plugins/fr.ac6.mcu.externaltools.arm-none.win32_1.17.0.201812190825/tools/compiler/bin/../lib/gcc/arm-none-eabi/7.3.1/../../../../arm-none-eabi/lib/thumb/v7e-m/fpv4-sp/hard\libc.a(lib_a-atexit.o)
 .debug_frame   0x00000a58       0x34 c:/ac6/systemworkbench/plugins/fr.ac6.mcu.externaltools.arm-none.win32_1.17.0.201812190825/tools/compiler/bin/../lib/gcc/arm-none-eabi/7.3.1/../../../../arm-none-eabi/lib/thumb/v7e-m/fpv4-sp/hard\libc.a(lib_a-fini.o)
 .debug_frame   0x00000a8c       0xb0 c:/ac6/systemworkbench/plugins/fr.ac6.mcu.externaltools.arm-none.win32_1.17.0.201812190825/tools/compiler/bin/../lib/gcc/arm-none-eabi/7.3.1/../../../../arm-none-eabi/lib/thumb/v7e-m/fpv4-sp/hard\libc.a(lib_a-lock.o)
 .debug_frame   0x00000b3c       0x34 c:/ac6/systemworkbench/plugins/fr.ac6.mcu.externaltools.arm-none.win32_1.17.0.201812190825/tools/compiler/bin/../lib/gcc/arm-none-eabi/7.3.1/../../../../arm-none-eabi/lib/thumb/v7e-m/fpv4-sp/hard\libc.a(lib_a-__atexit.o)
