Archive member included to satisfy reference by file (symbol)

c:/ac6/systemworkbench/plugins/fr.ac6.mcu.externaltools.arm-none.win32_1.17.0.201812190825/tools/compiler/bin/../lib/gcc/arm-none-eabi/7.3.1/../../../../arm-none-eabi/lib/thumb/v7e-m/fpv4-sp/hard\libc.a(lib_a-errno.o)
                              startup/sysmem.o (__errno)
c:/ac6/systemworkbench/plugins/fr.ac6.mcu.externaltools.arm-none.win32_1.17.0.201812190825/tools/compiler/bin/../lib/gcc/arm-none-eabi/7.3.1/../../../../arm-none-eabi/lib/thumb/v7e-m/fpv4-sp/hard\libc.a(lib_a-exit.o)
                              c:/ac6/systemworkbench/plugins/fr.ac6.mcu.externaltools.arm-none.win32_1.17.0.201812190825/tools/compiler/bin/../lib/gcc/arm-none-eabi/7.3.1/../../../../arm-none-eabi/lib/thumb/v7e-m/fpv4-sp/hard/crt0.o (exit)
c:/ac6/systemworkbench/plugins/fr.ac6.mcu.externaltools.arm-none.win32_1.17.0.201812190825/tools/compiler/bin/../lib/gcc/arm-none-eabi/7.3.1/../../../../arm-none-eabi/lib/thumb/v7e-m/fpv4-sp/hard\libc.a(lib_a-impure.o)
                              c:/ac6/systemworkbench/plugins/fr.ac6.mcu.externaltools.arm-none.win32_1.17.0.201812190825/tools/compiler/bin/../lib/gcc/arm-none-eabi/7.3.1/../../../../arm-none-eabi/lib/thumb/v7e-m/fpv4-sp/hard\libc.a(lib_a-exit.o) (_global_impure_ptr)
c:/ac6/systemworkbench/plugins/fr.ac6.mcu.externaltools.arm-none.win32_1.17.0.201812190825/tools/compiler/bin/../lib/gcc/arm-none-eabi/7.3.1/../../../../arm-none-eabi/lib/thumb/v7e-m/fpv4-sp/hard\libc.a(lib_a-init.o)
                              c:/ac6/systemworkbench/plugins/fr.ac6.mcu.externaltools.arm-none.win32_1.17.0.201812190825/tools/compiler/bin/../lib/gcc/arm-none-eabi/7.3.1/../../../../arm-none-eabi/lib/thumb/v7e-m/fpv4-sp/hard/crt0.o (__libc_init_array)
c:/ac6/systemworkbench/plugins/fr.ac6.mcu.externaltools.arm-none.win32_1.17.0.201812190825/tools/compiler/bin/../lib/gcc/arm-none-eabi/7.3.1/../../../../arm-none-eabi/lib/thumb/v7e-m/fpv4-sp/hard\libc.a(lib_a-memset.o)
                              c:/ac6/systemworkbench/plugins/fr.ac6.mcu.externaltools.arm-none.win32_1.17.0.201812190825/tools/compiler/bin/../lib/gcc/arm-none-eabi/7.3.1/../../../../arm-none-eabi/lib/thumb/v7e-m/fpv4-sp/hard/crt0.o (memset)
c:/ac6/systemworkbench/plugins/fr.ac6.mcu.externaltools.arm-none.win32_1.17.0.201812190825/tools/compiler/bin/../lib/gcc/arm-none-eabi/7.3.1/../../../../arm-none-eabi/lib/thumb/v7e-m/fpv4-sp/hard\libc.a(lib_a-__call_atexit.o)
                              c:/ac6/systemworkbench/plugins/fr.ac6.mcu.externaltools.arm-none.win32_1.17.0.201812190825/tools/compiler/bin/../lib/gcc/arm-none-eabi/7.3.1/../../../../arm-none-eabi/lib/thumb/v7e-m/fpv4-sp/hard\libc.a(lib_a-exit.o) (__call_exitprocs)
c:/ac6/systemworkbench/plugins/fr.ac6.mcu.externaltools.arm-none.win32_1.17.0.201812190825/tools/compiler/bin/../lib/gcc/arm-none-eabi/7.3.1/../../../../arm-none-eabi/lib/thumb/v7e-m/fpv4-sp/hard\libc.a(lib_a-atexit.o)
                              c:/ac6/systemworkbench/plugins/fr.ac6.mcu.externaltools.arm-none.win32_1.17.0.201812190825/tools/compiler/bin/../lib/gcc/arm-none-eabi/7.3.1/../../../../arm-none-eabi/lib/thumb/v7e-m/fpv4-sp/hard\libc.a(lib_a-__call_atexit.o) (atexit)
c:/ac6/systemworkbench/plugins/fr.ac6.mcu.externaltools.arm-none.win32_1.17.0.201812190825/tools/compiler/bin/../lib/gcc/arm-none-eabi/7.3.1/../../../../arm-none-eabi/lib/thumb/v7e-m/fpv4-sp/hard\libc.a(lib_a-fini.o)
                              c:/ac6/systemworkbench/plugins/fr.ac6.mcu.externaltools.arm-none.win32_1.17.0.201812190825/tools/compiler/bin/../lib/gcc/arm-none-eabi/7.3.1/../../../../arm-none-eabi/lib/thumb/v7e-m/fpv4-sp/hard\libc.a(lib_a-__call_atexit.o) (__libc_fini_array)
c:/ac6/systemworkbench/plugins/fr.ac6.mcu.externaltools.arm-none.win32_1.17.0.201812190825/tools/compiler/bin/../lib/gcc/arm-none-eabi/7.3.1/../../../../arm-none-eabi/lib/thumb/v7e-m/fpv4-sp/hard\libc.a(lib_a-lock.o)
                              c:/ac6/systemworkbench/plugins/fr.ac6.mcu.externaltools.arm-none.win32_1.17.0.201812190825/tools/compiler/bin/../lib/gcc/arm-none-eabi/7.3.1/../../../../arm-none-eabi/lib/thumb/v7e-m/fpv4-sp/hard\libc.a(lib_a-__call_atexit.o) (__retarget_lock_acquire_recursive)
c:/ac6/systemworkbench/plugins/fr.ac6.mcu.externaltools.arm-none.win32_1.17.0.201812190825/tools/compiler/bin/../lib/gcc/arm-none-eabi/7.3.1/../../../../arm-none-eabi/lib/thumb/v7e-m/fpv4-sp/hard\libc.a(lib_a-__atexit.o)
                              c:/ac6/systemworkbench/plugins/fr.ac6.mcu.externaltools.arm-none.win32_1.17.0.201812190825/tools/compiler/bin/../lib/gcc/arm-none-eabi/7.3.1/../../../../arm-none-eabi/lib/thumb/v7e-m/fpv4-sp/hard\libc.a(lib_a-atexit.o) (__register_exitproc)

Allocating common symbols
Common symbol       size              file

display_Operator    0x1               src/calculator.o
__lock___atexit_recursive_mutex
                    0x1               c:/ac6/systemworkbench/plugins/fr.ac6.mcu.externaltools.arm-none.win32_1.17.0.201812190825/tools/compiler/bin/../lib/gcc/arm-none-eabi/7.3.1/../../../../arm-none-eabi/lib/thumb/v7e-m/fpv4-sp/hard\libc.a(lib_a-lock.o)
__lock___arc4random_mutex
                    0x1               c:/ac6/systemworkbench/plugins/fr.ac6.mcu.externaltools.arm-none.win32_1.17.0.201812190825/tools/compiler/bin/../lib/gcc/arm-none-eabi/7.3.1/../../../../arm-none-eabi/lib/thumb/v7e-m/fpv4-sp/hard\libc.a(lib_a-lock.o)
display_Push_Flag   0x1               src/calculator.o
display_Data        0x20              src/calculator.o
command_Pointer     0x1               src/calculator.o
__lock___env_recursive_mutex
                    0x1               c:/ac6/systemworkbench/plugins/fr.ac6.mcu.externaltools.arm-none.win32_1.17.0.201812190825/tools/compiler/bin/../lib/gcc/arm-none-eabi/7.3.1/../../../../arm-none-eabi/lib/thumb/v7e-m/fpv4-sp/hard\libc.a(lib_a-lock.o)
__lock___sinit_recursive_mutex
                    0x1               c:/ac6/systemworkbench/plugins/fr.ac6.mcu.externaltools.arm-none.win32_1.17.0.201812190825/tools/compiler/bin/../lib/gcc/arm-none-eabi/7.3.1/../../../../arm-none-eabi/lib/thumb/v7e-m/fpv4-sp/hard\libc.a(lib_a-lock.o)
error_Flag          0x1               src/calculator.o
__lock___malloc_recursive_mutex
                    0x1               c:/ac6/systemworkbench/plugins/fr.ac6.mcu.externaltools.arm-none.win32_1.17.0.201812190825/tools/compiler/bin/../lib/gcc/arm-none-eabi/7.3.1/../../../../arm-none-eabi/lib/thumb/v7e-m/fpv4-sp/hard\libc.a(lib_a-lock.o)
clean_Flag          0x1               src/calculator.o
__lock___at_quick_exit_mutex
                    0x1               c:/ac6/systemworkbench/plugins/fr.ac6.mcu.externaltools.arm-none.win32_1.17.0.201812190825/tools/compiler/bin/../lib/gcc/arm-none-eabi/7.3.1/../../../../arm-none-eabi/lib/thumb/v7e-m/fpv4-sp/hard\libc.a(lib_a-lock.o)
command_Buffer      0xc8              src/calculator.o
__lock___dd_hash_mutex
                    0x1               c:/ac6/systemworkbench/plugins/fr.ac6.mcu.externaltools.arm-none.win32_1.17.0.201812190825/tools/compiler/bin/../lib/gcc/arm-none-eabi/7.3.1/../../../../arm-none-eabi/lib/thumb/v7e-m/fpv4-sp/hard\libc.a(lib_a-lock.o)
__lock___tz_mutex   0x1               c:/ac6/systemworkbench/plugins/fr.ac6.mcu.externaltools.arm-none.win32_1.17.0.201812190825/tools/compiler/bin/../lib/gcc/arm-none-eabi/7.3.1/../../../../arm-none-eabi/lib/thumb/v7e-m/fpv4-sp/hard\libc.a(lib_a-lock.o)
input_Buffer        0xc               src/calculator.o
__lock___sfp_recursive_mutex
                    0x1               c:/ac6/systemworkbench/plugins/fr.ac6.mcu.externaltools.arm-none.win32_1.17.0.201812190825/tools/compiler/bin/../lib/gcc/arm-none-eabi/7.3.1/../../../../arm-none-eabi/lib/thumb/v7e-m/fpv4-sp/hard\libc.a(lib_a-lock.o)

Discarded input sections

 .text          0x00000000        0x0 c:/ac6/systemworkbench/plugins/fr.ac6.mcu.externaltools.arm-none.win32_1.17.0.201812190825/tools/compiler/bin/../lib/gcc/arm-none-eabi/7.3.1/thumb/v7e-m/fpv4-sp/hard/crti.o
 .data          0x00000000        0x0 c:/ac6/systemworkbench/plugins/fr.ac6.mcu.externaltools.arm-none.win32_1.17.0.201812190825/tools/compiler/bin/../lib/gcc/arm-none-eabi/7.3.1/thumb/v7e-m/fpv4-sp/hard/crti.o
 .bss           0x00000000        0x0 c:/ac6/systemworkbench/plugins/fr.ac6.mcu.externaltools.arm-none.win32_1.17.0.201812190825/tools/compiler/bin/../lib/gcc/arm-none-eabi/7.3.1/thumb/v7e-m/fpv4-sp/hard/crti.o
 .data          0x00000000        0x4 c:/ac6/systemworkbench/plugins/fr.ac6.mcu.externaltools.arm-none.win32_1.17.0.201812190825/tools/compiler/bin/../lib/gcc/arm-none-eabi/7.3.1/thumb/v7e-m/fpv4-sp/hard/crtbegin.o
 .text          0x00000000       0x74 c:/ac6/systemworkbench/plugins/fr.ac6.mcu.externaltools.arm-none.win32_1.17.0.201812190825/tools/compiler/bin/../lib/gcc/arm-none-eabi/7.3.1/../../../../arm-none-eabi/lib/thumb/v7e-m/fpv4-sp/hard/crt0.o
 .data          0x00000000        0x0 c:/ac6/systemworkbench/plugins/fr.ac6.mcu.externaltools.arm-none.win32_1.17.0.201812190825/tools/compiler/bin/../lib/gcc/arm-none-eabi/7.3.1/../../../../arm-none-eabi/lib/thumb/v7e-m/fpv4-sp/hard/crt0.o
 .bss           0x00000000        0x0 c:/ac6/systemworkbench/plugins/fr.ac6.mcu.externaltools.arm-none.win32_1.17.0.201812190825/tools/compiler/bin/../lib/gcc/arm-none-eabi/7.3.1/../../../../arm-none-eabi/lib/thumb/v7e-m/fpv4-sp/hard/crt0.o
 .ARM.extab     0x00000000        0x0 c:/ac6/systemworkbench/plugins/fr.ac6.mcu.externaltools.arm-none.win32_1.17.0.201812190825/tools/compiler/bin/../lib/gcc/arm-none-eabi/7.3.1/../../../../arm-none-eabi/lib/thumb/v7e-m/fpv4-sp/hard/crt0.o
 .ARM.exidx     0x00000000        0x8 c:/ac6/systemworkbench/plugins/fr.ac6.mcu.externaltools.arm-none.win32_1.17.0.201812190825/tools/compiler/bin/../lib/gcc/arm-none-eabi/7.3.1/../../../../arm-none-eabi/lib/thumb/v7e-m/fpv4-sp/hard/crt0.o
 .ARM.attributes
                0x00000000       0x20 c:/ac6/systemworkbench/plugins/fr.ac6.mcu.externaltools.arm-none.win32_1.17.0.201812190825/tools/compiler/bin/../lib/gcc/arm-none-eabi/7.3.1/../../../../arm-none-eabi/lib/thumb/v7e-m/fpv4-sp/hard/crt0.o
 .group         0x00000000        0xc src/7seg_function.o
 .group         0x00000000        0xc src/7seg_function.o
 .group         0x00000000        0xc src/7seg_function.o
 .group         0x00000000        0xc src/7seg_function.o
 .group         0x00000000        0xc src/7seg_function.o
 .group         0x00000000        0xc src/7seg_function.o
 .group         0x00000000        0xc src/7seg_function.o
 .group         0x00000000        0xc src/7seg_function.o
 .group         0x00000000        0xc src/7seg_function.o
 .group         0x00000000        0xc src/7seg_function.o
 .group         0x00000000        0xc src/7seg_function.o
 .group         0x00000000        0xc src/7seg_function.o
 .group         0x00000000        0xc src/7seg_function.o
 .text          0x00000000        0x0 src/7seg_function.o
 .data          0x00000000        0x0 src/7seg_function.o
 .text.all_Decode_Mode
                0x00000000       0x24 src/7seg_function.o
 .text.send_7seg_Plus
                0x00000000       0x5a src/7seg_function.o
 .text.send_7seg_Subtraction
                0x00000000       0x50 src/7seg_function.o
 .text.send_7seg_Multiplie
                0x00000000       0x5a src/7seg_function.o
 .text.send_7seg_Divide
                0x00000000       0x46 src/7seg_function.o
 .group         0x00000000        0xc src/button_function.o
 .group         0x00000000        0xc src/button_function.o
 .group         0x00000000        0xc src/button_function.o
 .group         0x00000000        0xc src/button_function.o
 .group         0x00000000        0xc src/button_function.o
 .group         0x00000000        0xc src/button_function.o
 .group         0x00000000        0xc src/button_function.o
 .group         0x00000000        0xc src/button_function.o
 .group         0x00000000        0xc src/button_function.o
 .group         0x00000000        0xc src/button_function.o
 .group         0x00000000        0xc src/button_function.o
 .group         0x00000000        0xc src/button_function.o
 .text          0x00000000        0x0 src/button_function.o
 .data          0x00000000        0x0 src/button_function.o
 .bss           0x00000000        0x0 src/button_function.o
 .text.init_Button
                0x00000000       0x84 src/button_function.o
 .text.read_Button
                0x00000000       0x5e src/button_function.o
 .debug_info    0x00000000      0x41d src/button_function.o
 .debug_abbrev  0x00000000      0x120 src/button_function.o
 .debug_aranges
                0x00000000       0x28 src/button_function.o
 .debug_ranges  0x00000000       0x18 src/button_function.o
 .debug_macro   0x00000000       0xc8 src/button_function.o
 .debug_macro   0x00000000      0xa66 src/button_function.o
 .debug_macro   0x00000000       0x28 src/button_function.o
 .debug_macro   0x00000000       0x22 src/button_function.o
 .debug_macro   0x00000000       0x8e src/button_function.o
 .debug_macro   0x00000000       0x51 src/button_function.o
 .debug_macro   0x00000000       0xef src/button_function.o
 .debug_macro   0x00000000       0x6a src/button_function.o
 .debug_macro   0x00000000      0x1df src/button_function.o
 .debug_macro   0x00000000       0x35 src/button_function.o
 .debug_macro   0x00000000       0x50 src/button_function.o
 .debug_macro   0x00000000      0xe66 src/button_function.o
 .debug_macro   0x00000000    0x1a16e src/button_function.o
 .debug_line    0x00000000      0x3c0 src/button_function.o
 .debug_str     0x00000000    0x9a9e5 src/button_function.o
 .comment       0x00000000       0x80 src/button_function.o
 .debug_frame   0x00000000       0x5c src/button_function.o
 .ARM.attributes
                0x00000000       0x39 src/button_function.o
 .group         0x00000000        0xc src/calculator.o
 .group         0x00000000        0xc src/calculator.o
 .group         0x00000000        0xc src/calculator.o
 .group         0x00000000        0xc src/calculator.o
 .group         0x00000000        0xc src/calculator.o
 .group         0x00000000        0xc src/calculator.o
 .group         0x00000000        0xc src/calculator.o
 .group         0x00000000        0xc src/calculator.o
 .group         0x00000000        0xc src/calculator.o
 .group         0x00000000        0xc src/calculator.o
 .group         0x00000000        0xc src/calculator.o
 .group         0x00000000        0xc src/calculator.o
 .group         0x00000000        0xc src/calculator.o
 .text          0x00000000        0x0 src/calculator.o
 .data          0x00000000        0x0 src/calculator.o
 .bss           0x00000000        0x0 src/calculator.o
 .text.calculator_Init
                0x00000000       0x38 src/calculator.o
 .text.calculator_Interrupt
                0x00000000       0x2e src/calculator.o
 .text.calculator_Clean
                0x00000000       0xac src/calculator.o
 .text.calculator_Run
                0x00000000      0x214 src/calculator.o
 .text.calculator_Display
                0x00000000       0xe4 src/calculator.o
 .text.calculator_Cal
                0x00000000      0x398 src/calculator.o
 .debug_info    0x00000000      0x665 src/calculator.o
 .debug_abbrev  0x00000000      0x197 src/calculator.o
 .debug_aranges
                0x00000000       0x48 src/calculator.o
 .debug_ranges  0x00000000       0x38 src/calculator.o
 .debug_macro   0x00000000       0xd7 src/calculator.o
 .debug_macro   0x00000000      0xa66 src/calculator.o
 .debug_macro   0x00000000       0x28 src/calculator.o
 .debug_macro   0x00000000       0x22 src/calculator.o
 .debug_macro   0x00000000       0x8e src/calculator.o
 .debug_macro   0x00000000       0x51 src/calculator.o
 .debug_macro   0x00000000       0xef src/calculator.o
 .debug_macro   0x00000000       0x6a src/calculator.o
 .debug_macro   0x00000000      0x1df src/calculator.o
 .debug_macro   0x00000000       0x35 src/calculator.o
 .debug_macro   0x00000000       0x50 src/calculator.o
 .debug_macro   0x00000000      0xe66 src/calculator.o
 .debug_macro   0x00000000    0x1a16e src/calculator.o
 .debug_macro   0x00000000      0x1f6 src/calculator.o
 .debug_line    0x00000000      0x5ca src/calculator.o
 .debug_str     0x00000000    0x9b209 src/calculator.o
 .comment       0x00000000       0x80 src/calculator.o
 .debug_frame   0x00000000       0xec src/calculator.o
 .ARM.attributes
                0x00000000       0x39 src/calculator.o
 COMMON         0x00000000       0xfc src/calculator.o
 .group         0x00000000        0xc src/gpio_function.o
 .group         0x00000000        0xc src/gpio_function.o
 .group         0x00000000        0xc src/gpio_function.o
 .group         0x00000000        0xc src/gpio_function.o
 .group         0x00000000        0xc src/gpio_function.o
 .group         0x00000000        0xc src/gpio_function.o
 .group         0x00000000        0xc src/gpio_function.o
 .group         0x00000000        0xc src/gpio_function.o
 .group         0x00000000        0xc src/gpio_function.o
 .group         0x00000000        0xc src/gpio_function.o
 .group         0x00000000        0xc src/gpio_function.o
 .group         0x00000000        0xc src/gpio_function.o
 .text          0x00000000        0x0 src/gpio_function.o
 .data          0x00000000        0x0 src/gpio_function.o
 .bss           0x00000000        0x0 src/gpio_function.o
 .text.init_Gpio
                0x00000000       0x98 src/gpio_function.o
 .text.toggle_Gpio
                0x00000000       0x32 src/gpio_function.o
 .text.delay    0x00000000       0x2e src/gpio_function.o
 .debug_macro   0x00000000      0xa66 src/gpio_function.o
 .debug_macro   0x00000000       0x28 src/gpio_function.o
 .debug_macro   0x00000000       0x22 src/gpio_function.o
 .debug_macro   0x00000000       0x8e src/gpio_function.o
 .debug_macro   0x00000000       0x51 src/gpio_function.o
 .debug_macro   0x00000000       0xef src/gpio_function.o
 .debug_macro   0x00000000       0x6a src/gpio_function.o
 .debug_macro   0x00000000      0x1df src/gpio_function.o
 .debug_macro   0x00000000       0x35 src/gpio_function.o
 .debug_macro   0x00000000       0x50 src/gpio_function.o
 .debug_macro   0x00000000      0xe66 src/gpio_function.o
 .debug_macro   0x00000000    0x1a16e src/gpio_function.o
 .group         0x00000000        0xc src/helper_functions.o
 .group         0x00000000        0xc src/helper_functions.o
 .group         0x00000000        0xc src/helper_functions.o
 .group         0x00000000        0xc src/helper_functions.o
 .group         0x00000000        0xc src/helper_functions.o
 .group         0x00000000        0xc src/helper_functions.o
 .group         0x00000000        0xc src/helper_functions.o
 .group         0x00000000        0xc src/helper_functions.o
 .group         0x00000000        0xc src/helper_functions.o
 .group         0x00000000        0xc src/helper_functions.o
 .group         0x00000000        0xc src/helper_functions.o
 .group         0x00000000        0xc src/helper_functions.o
 .text          0x00000000        0x0 src/helper_functions.o
 .data          0x00000000        0x0 src/helper_functions.o
 .bss           0x00000000        0x0 src/helper_functions.o
 .text.read_gpio
                0x00000000       0x24 src/helper_functions.o
 .text.set_gpio
                0x00000000       0x28 src/helper_functions.o
 .text.reset_gpio
                0x00000000       0x28 src/helper_functions.o
 .text.toggle_output
                0x00000000       0x32 src/helper_functions.o
 .text.delay_without_interrupt
                0x00000000       0x2e src/helper_functions.o
 .text.num_digits
                0x00000000       0x48 src/helper_functions.o
 .text.gcd      0x00000000       0x4e src/helper_functions.o
 .text.lcm      0x00000000       0x28 src/helper_functions.o
 .debug_info    0x00000000      0x304 src/helper_functions.o
 .debug_abbrev  0x00000000      0x183 src/helper_functions.o
 .debug_aranges
                0x00000000       0x58 src/helper_functions.o
 .debug_ranges  0x00000000       0x48 src/helper_functions.o
 .debug_macro   0x00000000       0xc0 src/helper_functions.o
 .debug_macro   0x00000000      0xa66 src/helper_functions.o
 .debug_macro   0x00000000       0x28 src/helper_functions.o
 .debug_macro   0x00000000       0x22 src/helper_functions.o
 .debug_macro   0x00000000       0x8e src/helper_functions.o
 .debug_macro   0x00000000       0x51 src/helper_functions.o
 .debug_macro   0x00000000       0xef src/helper_functions.o
 .debug_macro   0x00000000       0x6a src/helper_functions.o
 .debug_macro   0x00000000      0x1df src/helper_functions.o
 .debug_macro   0x00000000       0x35 src/helper_functions.o
 .debug_macro   0x00000000       0x50 src/helper_functions.o
 .debug_macro   0x00000000      0xe66 src/helper_functions.o
 .debug_macro   0x00000000    0x1a16e src/helper_functions.o
 .debug_line    0x00000000      0x401 src/helper_functions.o
 .debug_str     0x00000000    0x9a8d1 src/helper_functions.o
 .comment       0x00000000       0x80 src/helper_functions.o
 .debug_frame   0x00000000      0x148 src/helper_functions.o
 .ARM.attributes
                0x00000000       0x39 src/helper_functions.o
 .group         0x00000000        0xc src/keypad_function.o
 .group         0x00000000        0xc src/keypad_function.o
 .group         0x00000000        0xc src/keypad_function.o
 .group         0x00000000        0xc src/keypad_function.o
 .group         0x00000000        0xc src/keypad_function.o
 .group         0x00000000        0xc src/keypad_function.o
 .group         0x00000000        0xc src/keypad_function.o
 .group         0x00000000        0xc src/keypad_function.o
 .group         0x00000000        0xc src/keypad_function.o
 .group         0x00000000        0xc src/keypad_function.o
 .group         0x00000000        0xc src/keypad_function.o
 .group         0x00000000        0xc src/keypad_function.o
 .text          0x00000000        0x0 src/keypad_function.o
 .data          0x00000000        0x0 src/keypad_function.o
 .bss           0x00000000        0x0 src/keypad_function.o
 .debug_macro   0x00000000      0xa66 src/keypad_function.o
 .debug_macro   0x00000000       0x28 src/keypad_function.o
 .debug_macro   0x00000000       0x22 src/keypad_function.o
 .debug_macro   0x00000000       0x8e src/keypad_function.o
 .debug_macro   0x00000000       0x51 src/keypad_function.o
 .debug_macro   0x00000000       0xef src/keypad_function.o
 .debug_macro   0x00000000       0x6a src/keypad_function.o
 .debug_macro   0x00000000      0x1df src/keypad_function.o
 .debug_macro   0x00000000       0x35 src/keypad_function.o
 .debug_macro   0x00000000       0x50 src/keypad_function.o
 .debug_macro   0x00000000      0xe66 src/keypad_function.o
 .debug_macro   0x00000000    0x1a16e src/keypad_function.o
 .group         0x00000000        0xc src/main.o
 .group         0x00000000        0xc src/main.o
 .group         0x00000000        0xc src/main.o
 .group         0x00000000        0xc src/main.o
 .group         0x00000000        0xc src/main.o
 .group         0x00000000        0xc src/main.o
 .group         0x00000000        0xc src/main.o
 .group         0x00000000        0xc src/main.o
 .group         0x00000000        0xc src/main.o
 .group         0x00000000        0xc src/main.o
 .group         0x00000000        0xc src/main.o
 .group         0x00000000        0xc src/main.o
 .group         0x00000000        0xc src/main.o
 .text          0x00000000        0x0 src/main.o
 .bss           0x00000000        0x0 src/main.o
 .debug_macro   0x00000000      0xa66 src/main.o
 .debug_macro   0x00000000       0x28 src/main.o
 .debug_macro   0x00000000       0x22 src/main.o
 .debug_macro   0x00000000       0x8e src/main.o
 .debug_macro   0x00000000       0x51 src/main.o
 .debug_macro   0x00000000       0xef src/main.o
 .debug_macro   0x00000000       0x6a src/main.o
 .debug_macro   0x00000000      0x1df src/main.o
 .debug_macro   0x00000000       0x35 src/main.o
 .debug_macro   0x00000000       0x50 src/main.o
 .debug_macro   0x00000000      0xe66 src/main.o
 .debug_macro   0x00000000    0x1a16e src/main.o
 .debug_macro   0x00000000      0x1f6 src/main.o
 .text          0x00000000       0x14 startup/startup_stm32.o
 .data          0x00000000        0x0 startup/startup_stm32.o
 .bss           0x00000000        0x0 startup/startup_stm32.o
 .group         0x00000000        0xc startup/sysmem.o
 .group         0x00000000        0xc startup/sysmem.o
 .group         0x00000000        0xc startup/sysmem.o
 .group         0x00000000        0xc startup/sysmem.o
 .group         0x00000000        0xc startup/sysmem.o
 .group         0x00000000        0xc startup/sysmem.o
 .group         0x00000000        0xc startup/sysmem.o
 .group         0x00000000        0xc startup/sysmem.o
 .group         0x00000000        0xc startup/sysmem.o
 .group         0x00000000        0xc startup/sysmem.o
 .group         0x00000000        0xc startup/sysmem.o
 .group         0x00000000        0xc startup/sysmem.o
 .group         0x00000000        0xc startup/sysmem.o
 .group         0x00000000        0xc startup/sysmem.o
 .group         0x00000000        0xc startup/sysmem.o
 .group         0x00000000        0xc startup/sysmem.o
 .group         0x00000000        0xc startup/sysmem.o
 .group         0x00000000        0xc startup/sysmem.o
 .group         0x00000000        0xc startup/sysmem.o
 .group         0x00000000        0xc startup/sysmem.o
 .group         0x00000000        0xc startup/sysmem.o
 .group         0x00000000        0xc startup/sysmem.o
 .group         0x00000000        0xc startup/sysmem.o
 .group         0x00000000        0xc startup/sysmem.o
 .group         0x00000000        0xc startup/sysmem.o
 .group         0x00000000        0xc startup/sysmem.o
 .group         0x00000000        0xc startup/sysmem.o
 .group         0x00000000        0xc startup/sysmem.o
 .group         0x00000000        0xc startup/sysmem.o
 .group         0x00000000        0xc startup/sysmem.o
 .group         0x00000000        0xc startup/sysmem.o
 .group         0x00000000        0xc startup/sysmem.o
 .text          0x00000000        0x0 startup/sysmem.o
 .data          0x00000000        0x0 startup/sysmem.o
 .bss           0x00000000        0x4 startup/sysmem.o
 .text._sbrk    0x00000000       0x58 startup/sysmem.o
 .debug_info    0x00000000      0x92c startup/sysmem.o
 .debug_abbrev  0x00000000      0x1f1 startup/sysmem.o
 .debug_aranges
                0x00000000       0x20 startup/sysmem.o
 .debug_ranges  0x00000000       0x10 startup/sysmem.o
 .debug_macro   0x00000000      0x1ae startup/sysmem.o
 .debug_macro   0x00000000      0xa66 startup/sysmem.o
 .debug_macro   0x00000000       0x10 startup/sysmem.o
 .debug_macro   0x00000000       0x22 startup/sysmem.o
 .debug_macro   0x00000000       0x58 startup/sysmem.o
 .debug_macro   0x00000000       0x18 startup/sysmem.o
 .debug_macro   0x00000000       0x94 startup/sysmem.o
 .debug_macro   0x00000000       0x35 startup/sysmem.o
 .debug_macro   0x00000000       0x34 startup/sysmem.o
 .debug_macro   0x00000000      0x174 startup/sysmem.o
 .debug_macro   0x00000000       0x57 startup/sysmem.o
 .debug_macro   0x00000000       0x58 startup/sysmem.o
 .debug_macro   0x00000000       0x1f startup/sysmem.o
 .debug_macro   0x00000000       0x43 startup/sysmem.o
 .debug_macro   0x00000000       0x20 startup/sysmem.o
 .debug_macro   0x00000000      0x18e startup/sysmem.o
 .debug_macro   0x00000000      0x23b startup/sysmem.o
 .debug_macro   0x00000000       0x16 startup/sysmem.o
 .debug_macro   0x00000000       0x35 startup/sysmem.o
 .debug_macro   0x00000000      0x330 startup/sysmem.o
 .debug_macro   0x00000000       0x10 startup/sysmem.o
 .debug_macro   0x00000000       0x10 startup/sysmem.o
 .debug_macro   0x00000000       0x6a startup/sysmem.o
 .debug_macro   0x00000000       0x1c startup/sysmem.o
 .debug_macro   0x00000000       0x52 startup/sysmem.o
 .debug_macro   0x00000000       0x40 startup/sysmem.o
 .debug_macro   0x00000000       0x10 startup/sysmem.o
 .debug_macro   0x00000000       0x40 startup/sysmem.o
 .debug_macro   0x00000000       0xd7 startup/sysmem.o
 .debug_macro   0x00000000       0x1c startup/sysmem.o
 .debug_macro   0x00000000       0x3d startup/sysmem.o
 .debug_macro   0x00000000       0x16 startup/sysmem.o
 .debug_macro   0x00000000      0x16f startup/sysmem.o
 .debug_line    0x00000000      0x3e6 startup/sysmem.o
 .debug_str     0x00000000     0x77b7 startup/sysmem.o
 .comment       0x00000000       0x80 startup/sysmem.o
 .debug_frame   0x00000000       0x34 startup/sysmem.o
 .ARM.attributes
                0x00000000       0x39 startup/sysmem.o
 .text          0x00000000        0x0 c:/ac6/systemworkbench/plugins/fr.ac6.mcu.externaltools.arm-none.win32_1.17.0.201812190825/tools/compiler/bin/../lib/gcc/arm-none-eabi/7.3.1/../../../../arm-none-eabi/lib/thumb/v7e-m/fpv4-sp/hard\libc.a(lib_a-errno.o)
 .data          0x00000000        0x0 c:/ac6/systemworkbench/plugins/fr.ac6.mcu.externaltools.arm-none.win32_1.17.0.201812190825/tools/compiler/bin/../lib/gcc/arm-none-eabi/7.3.1/../../../../arm-none-eabi/lib/thumb/v7e-m/fpv4-sp/hard\libc.a(lib_a-errno.o)
 .bss           0x00000000        0x0 c:/ac6/systemworkbench/plugins/fr.ac6.mcu.externaltools.arm-none.win32_1.17.0.201812190825/tools/compiler/bin/../lib/gcc/arm-none-eabi/7.3.1/../../../../arm-none-eabi/lib/thumb/v7e-m/fpv4-sp/hard\libc.a(lib_a-errno.o)
 .text.__errno  0x00000000        0xc c:/ac6/systemworkbench/plugins/fr.ac6.mcu.externaltools.arm-none.win32_1.17.0.201812190825/tools/compiler/bin/../lib/gcc/arm-none-eabi/7.3.1/../../../../arm-none-eabi/lib/thumb/v7e-m/fpv4-sp/hard\libc.a(lib_a-errno.o)
 .debug_frame   0x00000000       0x20 c:/ac6/systemworkbench/plugins/fr.ac6.mcu.externaltools.arm-none.win32_1.17.0.201812190825/tools/compiler/bin/../lib/gcc/arm-none-eabi/7.3.1/../../../../arm-none-eabi/lib/thumb/v7e-m/fpv4-sp/hard\libc.a(lib_a-errno.o)
 .ARM.attributes
                0x00000000       0x34 c:/ac6/systemworkbench/plugins/fr.ac6.mcu.externaltools.arm-none.win32_1.17.0.201812190825/tools/compiler/bin/../lib/gcc/arm-none-eabi/7.3.1/../../../../arm-none-eabi/lib/thumb/v7e-m/fpv4-sp/hard\libc.a(lib_a-errno.o)
 .text          0x00000000        0x0 c:/ac6/systemworkbench/plugins/fr.ac6.mcu.externaltools.arm-none.win32_1.17.0.201812190825/tools/compiler/bin/../lib/gcc/arm-none-eabi/7.3.1/../../../../arm-none-eabi/lib/thumb/v7e-m/fpv4-sp/hard\libc.a(lib_a-exit.o)
 .data          0x00000000        0x0 c:/ac6/systemworkbench/plugins/fr.ac6.mcu.externaltools.arm-none.win32_1.17.0.201812190825/tools/compiler/bin/../lib/gcc/arm-none-eabi/7.3.1/../../../../arm-none-eabi/lib/thumb/v7e-m/fpv4-sp/hard\libc.a(lib_a-exit.o)
 .bss           0x00000000        0x0 c:/ac6/systemworkbench/plugins/fr.ac6.mcu.externaltools.arm-none.win32_1.17.0.201812190825/tools/compiler/bin/../lib/gcc/arm-none-eabi/7.3.1/../../../../arm-none-eabi/lib/thumb/v7e-m/fpv4-sp/hard\libc.a(lib_a-exit.o)
 .text.exit     0x00000000       0x20 c:/ac6/systemworkbench/plugins/fr.ac6.mcu.externaltools.arm-none.win32_1.17.0.201812190825/tools/compiler/bin/../lib/gcc/arm-none-eabi/7.3.1/../../../../arm-none-eabi/lib/thumb/v7e-m/fpv4-sp/hard\libc.a(lib_a-exit.o)
 .debug_frame   0x00000000       0x28 c:/ac6/systemworkbench/plugins/fr.ac6.mcu.externaltools.arm-none.win32_1.17.0.201812190825/tools/compiler/bin/../lib/gcc/arm-none-eabi/7.3.1/../../../../arm-none-eabi/lib/thumb/v7e-m/fpv4-sp/hard\libc.a(lib_a-exit.o)
 .ARM.attributes
                0x00000000       0x34 c:/ac6/systemworkbench/plugins/fr.ac6.mcu.externaltools.arm-none.win32_1.17.0.201812190825/tools/compiler/bin/../lib/gcc/arm-none-eabi/7.3.1/../../../../arm-none-eabi/lib/thumb/v7e-m/fpv4-sp/hard\libc.a(lib_a-exit.o)
 .text          0x00000000        0x0 c:/ac6/systemworkbench/plugins/fr.ac6.mcu.externaltools.arm-none.win32_1.17.0.201812190825/tools/compiler/bin/../lib/gcc/arm-none-eabi/7.3.1/../../../../arm-none-eabi/lib/thumb/v7e-m/fpv4-sp/hard\libc.a(lib_a-impure.o)
 .data          0x00000000        0x0 c:/ac6/systemworkbench/plugins/fr.ac6.mcu.externaltools.arm-none.win32_1.17.0.201812190825/tools/compiler/bin/../lib/gcc/arm-none-eabi/7.3.1/../../../../arm-none-eabi/lib/thumb/v7e-m/fpv4-sp/hard\libc.a(lib_a-impure.o)
 .bss           0x00000000        0x0 c:/ac6/systemworkbench/plugins/fr.ac6.mcu.externaltools.arm-none.win32_1.17.0.201812190825/tools/compiler/bin/../lib/gcc/arm-none-eabi/7.3.1/../../../../arm-none-eabi/lib/thumb/v7e-m/fpv4-sp/hard\libc.a(lib_a-impure.o)
 .data._impure_ptr
                0x00000000        0x4 c:/ac6/systemworkbench/plugins/fr.ac6.mcu.externaltools.arm-none.win32_1.17.0.201812190825/tools/compiler/bin/../lib/gcc/arm-none-eabi/7.3.1/../../../../arm-none-eabi/lib/thumb/v7e-m/fpv4-sp/hard\libc.a(lib_a-impure.o)
 .text          0x00000000        0x0 c:/ac6/systemworkbench/plugins/fr.ac6.mcu.externaltools.arm-none.win32_1.17.0.201812190825/tools/compiler/bin/../lib/gcc/arm-none-eabi/7.3.1/../../../../arm-none-eabi/lib/thumb/v7e-m/fpv4-sp/hard\libc.a(lib_a-init.o)
 .data          0x00000000        0x0 c:/ac6/systemworkbench/plugins/fr.ac6.mcu.externaltools.arm-none.win32_1.17.0.201812190825/tools/compiler/bin/../lib/gcc/arm-none-eabi/7.3.1/../../../../arm-none-eabi/lib/thumb/v7e-m/fpv4-sp/hard\libc.a(lib_a-init.o)
 .bss           0x00000000        0x0 c:/ac6/systemworkbench/plugins/fr.ac6.mcu.externaltools.arm-none.win32_1.17.0.201812190825/tools/compiler/bin/../lib/gcc/arm-none-eabi/7.3.1/../../../../arm-none-eabi/lib/thumb/v7e-m/fpv4-sp/hard\libc.a(lib_a-init.o)
 .text          0x00000000        0x0 c:/ac6/systemworkbench/plugins/fr.ac6.mcu.externaltools.arm-none.win32_1.17.0.201812190825/tools/compiler/bin/../lib/gcc/arm-none-eabi/7.3.1/../../../../arm-none-eabi/lib/thumb/v7e-m/fpv4-sp/hard\libc.a(lib_a-memset.o)
 .data          0x00000000        0x0 c:/ac6/systemworkbench/plugins/fr.ac6.mcu.externaltools.arm-none.win32_1.17.0.201812190825/tools/compiler/bin/../lib/gcc/arm-none-eabi/7.3.1/../../../../arm-none-eabi/lib/thumb/v7e-m/fpv4-sp/hard\libc.a(lib_a-memset.o)
 .bss           0x00000000        0x0 c:/ac6/systemworkbench/plugins/fr.ac6.mcu.externaltools.arm-none.win32_1.17.0.201812190825/tools/compiler/bin/../lib/gcc/arm-none-eabi/7.3.1/../../../../arm-none-eabi/lib/thumb/v7e-m/fpv4-sp/hard\libc.a(lib_a-memset.o)
 .text.memset   0x00000000       0x94 c:/ac6/systemworkbench/plugins/fr.ac6.mcu.externaltools.arm-none.win32_1.17.0.201812190825/tools/compiler/bin/../lib/gcc/arm-none-eabi/7.3.1/../../../../arm-none-eabi/lib/thumb/v7e-m/fpv4-sp/hard\libc.a(lib_a-memset.o)
 .debug_frame   0x00000000       0x38 c:/ac6/systemworkbench/plugins/fr.ac6.mcu.externaltools.arm-none.win32_1.17.0.201812190825/tools/compiler/bin/../lib/gcc/arm-none-eabi/7.3.1/../../../../arm-none-eabi/lib/thumb/v7e-m/fpv4-sp/hard\libc.a(lib_a-memset.o)
 .ARM.attributes
                0x00000000       0x34 c:/ac6/systemworkbench/plugins/fr.ac6.mcu.externaltools.arm-none.win32_1.17.0.201812190825/tools/compiler/bin/../lib/gcc/arm-none-eabi/7.3.1/../../../../arm-none-eabi/lib/thumb/v7e-m/fpv4-sp/hard\libc.a(lib_a-memset.o)
 .text          0x00000000        0x0 c:/ac6/systemworkbench/plugins/fr.ac6.mcu.externaltools.arm-none.win32_1.17.0.201812190825/tools/compiler/bin/../lib/gcc/arm-none-eabi/7.3.1/../../../../arm-none-eabi/lib/thumb/v7e-m/fpv4-sp/hard\libc.a(lib_a-__call_atexit.o)
 .data          0x00000000        0x0 c:/ac6/systemworkbench/plugins/fr.ac6.mcu.externaltools.arm-none.win32_1.17.0.201812190825/tools/compiler/bin/../lib/gcc/arm-none-eabi/7.3.1/../../../../arm-none-eabi/lib/thumb/v7e-m/fpv4-sp/hard\libc.a(lib_a-__call_atexit.o)
 .bss           0x00000000        0x0 c:/ac6/systemworkbench/plugins/fr.ac6.mcu.externaltools.arm-none.win32_1.17.0.201812190825/tools/compiler/bin/../lib/gcc/arm-none-eabi/7.3.1/../../../../arm-none-eabi/lib/thumb/v7e-m/fpv4-sp/hard\libc.a(lib_a-__call_atexit.o)
 .text.__call_exitprocs
                0x00000000       0xe8 c:/ac6/systemworkbench/plugins/fr.ac6.mcu.externaltools.arm-none.win32_1.17.0.201812190825/tools/compiler/bin/../lib/gcc/arm-none-eabi/7.3.1/../../../../arm-none-eabi/lib/thumb/v7e-m/fpv4-sp/hard\libc.a(lib_a-__call_atexit.o)
 .text          0x00000000        0x0 c:/ac6/systemworkbench/plugins/fr.ac6.mcu.externaltools.arm-none.win32_1.17.0.201812190825/tools/compiler/bin/../lib/gcc/arm-none-eabi/7.3.1/../../../../arm-none-eabi/lib/thumb/v7e-m/fpv4-sp/hard\libc.a(lib_a-atexit.o)
 .data          0x00000000        0x0 c:/ac6/systemworkbench/plugins/fr.ac6.mcu.externaltools.arm-none.win32_1.17.0.201812190825/tools/compiler/bin/../lib/gcc/arm-none-eabi/7.3.1/../../../../arm-none-eabi/lib/thumb/v7e-m/fpv4-sp/hard\libc.a(lib_a-atexit.o)
 .bss           0x00000000        0x0 c:/ac6/systemworkbench/plugins/fr.ac6.mcu.externaltools.arm-none.win32_1.17.0.201812190825/tools/compiler/bin/../lib/gcc/arm-none-eabi/7.3.1/../../../../arm-none-eabi/lib/thumb/v7e-m/fpv4-sp/hard\libc.a(lib_a-atexit.o)
 .text          0x00000000        0x0 c:/ac6/systemworkbench/plugins/fr.ac6.mcu.externaltools.arm-none.win32_1.17.0.201812190825/tools/compiler/bin/../lib/gcc/arm-none-eabi/7.3.1/../../../../arm-none-eabi/lib/thumb/v7e-m/fpv4-sp/hard\libc.a(lib_a-fini.o)
 .data          0x00000000        0x0 c:/ac6/systemworkbench/plugins/fr.ac6.mcu.externaltools.arm-none.win32_1.17.0.201812190825/tools/compiler/bin/../lib/gcc/arm-none-eabi/7.3.1/../../../../arm-none-eabi/lib/thumb/v7e-m/fpv4-sp/hard\libc.a(lib_a-fini.o)
 .bss           0x00000000        0x0 c:/ac6/systemworkbench/plugins/fr.ac6.mcu.externaltools.arm-none.win32_1.17.0.201812190825/tools/compiler/bin/../lib/gcc/arm-none-eabi/7.3.1/../../../../arm-none-eabi/lib/thumb/v7e-m/fpv4-sp/hard\libc.a(lib_a-fini.o)
 .text          0x00000000        0x0 c:/ac6/systemworkbench/plugins/fr.ac6.mcu.externaltools.arm-none.win32_1.17.0.201812190825/tools/compiler/bin/../lib/gcc/arm-none-eabi/7.3.1/../../../../arm-none-eabi/lib/thumb/v7e-m/fpv4-sp/hard\libc.a(lib_a-lock.o)
 .data          0x00000000        0x0 c:/ac6/systemworkbench/plugins/fr.ac6.mcu.externaltools.arm-none.win32_1.17.0.201812190825/tools/compiler/bin/../lib/gcc/arm-none-eabi/7.3.1/../../../../arm-none-eabi/lib/thumb/v7e-m/fpv4-sp/hard\libc.a(lib_a-lock.o)
 .bss           0x00000000        0x0 c:/ac6/systemworkbench/plugins/fr.ac6.mcu.externaltools.arm-none.win32_1.17.0.201812190825/tools/compiler/bin/../lib/gcc/arm-none-eabi/7.3.1/../../../../arm-none-eabi/lib/thumb/v7e-m/fpv4-sp/hard\libc.a(lib_a-lock.o)
 .text.__retarget_lock_init
                0x00000000        0x4 c:/ac6/systemworkbench/plugins/fr.ac6.mcu.externaltools.arm-none.win32_1.17.0.201812190825/tools/compiler/bin/../lib/gcc/arm-none-eabi/7.3.1/../../../../arm-none-eabi/lib/thumb/v7e-m/fpv4-sp/hard\libc.a(lib_a-lock.o)
 .text.__retarget_lock_init_recursive
                0x00000000        0x4 c:/ac6/systemworkbench/plugins/fr.ac6.mcu.externaltools.arm-none.win32_1.17.0.201812190825/tools/compiler/bin/../lib/gcc/arm-none-eabi/7.3.1/../../../../arm-none-eabi/lib/thumb/v7e-m/fpv4-sp/hard\libc.a(lib_a-lock.o)
 .text.__retarget_lock_close
                0x00000000        0x4 c:/ac6/systemworkbench/plugins/fr.ac6.mcu.externaltools.arm-none.win32_1.17.0.201812190825/tools/compiler/bin/../lib/gcc/arm-none-eabi/7.3.1/../../../../arm-none-eabi/lib/thumb/v7e-m/fpv4-sp/hard\libc.a(lib_a-lock.o)
 .text.__retarget_lock_close_recursive
                0x00000000        0x4 c:/ac6/systemworkbench/plugins/fr.ac6.mcu.externaltools.arm-none.win32_1.17.0.201812190825/tools/compiler/bin/../lib/gcc/arm-none-eabi/7.3.1/../../../../arm-none-eabi/lib/thumb/v7e-m/fpv4-sp/hard\libc.a(lib_a-lock.o)
 .text.__retarget_lock_acquire
                0x00000000        0x4 c:/ac6/systemworkbench/plugins/fr.ac6.mcu.externaltools.arm-none.win32_1.17.0.201812190825/tools/compiler/bin/../lib/gcc/arm-none-eabi/7.3.1/../../../../arm-none-eabi/lib/thumb/v7e-m/fpv4-sp/hard\libc.a(lib_a-lock.o)
 .text.__retarget_lock_try_acquire
                0x00000000        0x4 c:/ac6/systemworkbench/plugins/fr.ac6.mcu.externaltools.arm-none.win32_1.17.0.201812190825/tools/compiler/bin/../lib/gcc/arm-none-eabi/7.3.1/../../../../arm-none-eabi/lib/thumb/v7e-m/fpv4-sp/hard\libc.a(lib_a-lock.o)
 .text.__retarget_lock_try_acquire_recursive
                0x00000000        0x4 c:/ac6/systemworkbench/plugins/fr.ac6.mcu.externaltools.arm-none.win32_1.17.0.201812190825/tools/compiler/bin/../lib/gcc/arm-none-eabi/7.3.1/../../../../arm-none-eabi/lib/thumb/v7e-m/fpv4-sp/hard\libc.a(lib_a-lock.o)
 .text.__retarget_lock_release
                0x00000000        0x4 c:/ac6/systemworkbench/plugins/fr.ac6.mcu.externaltools.arm-none.win32_1.17.0.201812190825/tools/compiler/bin/../lib/gcc/arm-none-eabi/7.3.1/../../../../arm-none-eabi/lib/thumb/v7e-m/fpv4-sp/hard\libc.a(lib_a-lock.o)
 .text          0x00000000        0x0 c:/ac6/systemworkbench/plugins/fr.ac6.mcu.externaltools.arm-none.win32_1.17.0.201812190825/tools/compiler/bin/../lib/gcc/arm-none-eabi/7.3.1/../../../../arm-none-eabi/lib/thumb/v7e-m/fpv4-sp/hard\libc.a(lib_a-__atexit.o)
 .data          0x00000000        0x0 c:/ac6/systemworkbench/plugins/fr.ac6.mcu.externaltools.arm-none.win32_1.17.0.201812190825/tools/compiler/bin/../lib/gcc/arm-none-eabi/7.3.1/../../../../arm-none-eabi/lib/thumb/v7e-m/fpv4-sp/hard\libc.a(lib_a-__atexit.o)
 .bss           0x00000000        0x0 c:/ac6/systemworkbench/plugins/fr.ac6.mcu.externaltools.arm-none.win32_1.17.0.201812190825/tools/compiler/bin/../lib/gcc/arm-none-eabi/7.3.1/../../../../arm-none-eabi/lib/thumb/v7e-m/fpv4-sp/hard\libc.a(lib_a-__atexit.o)
 .text          0x00000000        0x0 c:/ac6/systemworkbench/plugins/fr.ac6.mcu.externaltools.arm-none.win32_1.17.0.201812190825/tools/compiler/bin/../lib/gcc/arm-none-eabi/7.3.1/thumb/v7e-m/fpv4-sp/hard/crtend.o
 .data          0x00000000        0x0 c:/ac6/systemworkbench/plugins/fr.ac6.mcu.externaltools.arm-none.win32_1.17.0.201812190825/tools/compiler/bin/../lib/gcc/arm-none-eabi/7.3.1/thumb/v7e-m/fpv4-sp/hard/crtend.o
 .bss           0x00000000        0x0 c:/ac6/systemworkbench/plugins/fr.ac6.mcu.externaltools.arm-none.win32_1.17.0.201812190825/tools/compiler/bin/../lib/gcc/arm-none-eabi/7.3.1/thumb/v7e-m/fpv4-sp/hard/crtend.o
 .eh_frame      0x00000000        0x4 c:/ac6/systemworkbench/plugins/fr.ac6.mcu.externaltools.arm-none.win32_1.17.0.201812190825/tools/compiler/bin/../lib/gcc/arm-none-eabi/7.3.1/thumb/v7e-m/fpv4-sp/hard/crtend.o
 .ARM.attributes
                0x00000000       0x34 c:/ac6/systemworkbench/plugins/fr.ac6.mcu.externaltools.arm-none.win32_1.17.0.201812190825/tools/compiler/bin/../lib/gcc/arm-none-eabi/7.3.1/thumb/v7e-m/fpv4-sp/hard/crtend.o
 .text          0x00000000        0x0 c:/ac6/systemworkbench/plugins/fr.ac6.mcu.externaltools.arm-none.win32_1.17.0.201812190825/tools/compiler/bin/../lib/gcc/arm-none-eabi/7.3.1/thumb/v7e-m/fpv4-sp/hard/crtn.o
 .data          0x00000000        0x0 c:/ac6/systemworkbench/plugins/fr.ac6.mcu.externaltools.arm-none.win32_1.17.0.201812190825/tools/compiler/bin/../lib/gcc/arm-none-eabi/7.3.1/thumb/v7e-m/fpv4-sp/hard/crtn.o
 .bss           0x00000000        0x0 c:/ac6/systemworkbench/plugins/fr.ac6.mcu.externaltools.arm-none.win32_1.17.0.201812190825/tools/compiler/bin/../lib/gcc/arm-none-eabi/7.3.1/thumb/v7e-m/fpv4-sp/hard/crtn.o

Memory Configuration

Name             Origin             Length             Attributes
RAM              0x20000000         0x00018000         xrw
ROM              0x08000000         0x00100000         xr
*default*        0x00000000         0xffffffff

Linker script and memory map

LOAD c:/ac6/systemworkbench/plugins/fr.ac6.mcu.externaltools.arm-none.win32_1.17.0.201812190825/tools/compiler/bin/../lib/gcc/arm-none-eabi/7.3.1/thumb/v7e-m/fpv4-sp/hard/crti.o
LOAD c:/ac6/systemworkbench/plugins/fr.ac6.mcu.externaltools.arm-none.win32_1.17.0.201812190825/tools/compiler/bin/../lib/gcc/arm-none-eabi/7.3.1/thumb/v7e-m/fpv4-sp/hard/crtbegin.o
LOAD c:/ac6/systemworkbench/plugins/fr.ac6.mcu.externaltools.arm-none.win32_1.17.0.201812190825/tools/compiler/bin/../lib/gcc/arm-none-eabi/7.3.1/../../../../arm-none-eabi/lib/thumb/v7e-m/fpv4-sp/hard/crt0.o
LOAD src/7seg_function.o
LOAD src/button_function.o
LOAD src/calculator.o
LOAD src/gpio_function.o
LOAD src/helper_functions.o
LOAD src/keypad_function.o
LOAD src/main.o
LOAD startup/startup_stm32.o
LOAD startup/sysmem.o
LOAD c:/ac6/systemworkbench/plugins/fr.ac6.mcu.externaltools.arm-none.win32_1.17.0.201812190825/tools/compiler/bin/../lib/gcc/arm-none-eabi/7.3.1/../../../../arm-none-eabi/lib/thumb/v7e-m/fpv4-sp/hard\libm.a
START GROUP
LOAD c:/ac6/systemworkbench/plugins/fr.ac6.mcu.externaltools.arm-none.win32_1.17.0.201812190825/tools/compiler/bin/../lib/gcc/arm-none-eabi/7.3.1/thumb/v7e-m/fpv4-sp/hard\libgcc.a
LOAD c:/ac6/systemworkbench/plugins/fr.ac6.mcu.externaltools.arm-none.win32_1.17.0.201812190825/tools/compiler/bin/../lib/gcc/arm-none-eabi/7.3.1/../../../../arm-none-eabi/lib/thumb/v7e-m/fpv4-sp/hard\libc.a
END GROUP
LOAD c:/ac6/systemworkbench/plugins/fr.ac6.mcu.externaltools.arm-none.win32_1.17.0.201812190825/tools/compiler/bin/../lib/gcc/arm-none-eabi/7.3.1/thumb/v7e-m/fpv4-sp/hard/crtend.o
LOAD c:/ac6/systemworkbench/plugins/fr.ac6.mcu.externaltools.arm-none.win32_1.17.0.201812190825/tools/compiler/bin/../lib/gcc/arm-none-eabi/7.3.1/thumb/v7e-m/fpv4-sp/hard/crtn.o
                0x20018000                _estack = 0x20018000
                0x00000000                _Min_Heap_Size = 0x0
                0x00000400                _Min_Stack_Size = 0x400

.isr_vector     0x08000000      0x188
                0x08000000                . = ALIGN (0x8)
 *(.isr_vector)
 .isr_vector    0x08000000      0x188 startup/startup_stm32.o
                0x08000000                g_pfnVectors
                0x08000188                . = ALIGN (0x8)

.text           0x08000188      0xef0
                0x08000188                . = ALIGN (0x8)
 *(.text)
 .text          0x08000188       0x40 c:/ac6/systemworkbench/plugins/fr.ac6.mcu.externaltools.arm-none.win32_1.17.0.201812190825/tools/compiler/bin/../lib/gcc/arm-none-eabi/7.3.1/thumb/v7e-m/fpv4-sp/hard/crtbegin.o
 *(.text*)
 .text.init_7seg
                0x080001c8      0x168 src/7seg_function.o
                0x080001c8                init_7seg
 .text.send_7seg_Msg
                0x08000330       0xd6 src/7seg_function.o
                0x08000330                send_7seg_Msg
 *fill*         0x08000406        0x2 
 .text.all_No_Decode_Mode
                0x08000408       0x24 src/7seg_function.o
                0x08000408                all_No_Decode_Mode
 .text.send_7seg_Int
                0x0800042c      0x160 src/7seg_function.o
                0x0800042c                send_7seg_Int
 .text.send_7seg_Char
                0x0800058c       0xc0 src/7seg_function.o
                0x0800058c                send_7seg_Char
 .text.display_Number_Float3
                0x0800064c      0x29c src/7seg_function.o
                0x0800064c                display_Number_Float3
 .text.send_7seg_Error
                0x080008e8       0x64 src/7seg_function.o
                0x080008e8                send_7seg_Error
 .text.read_Gpio
                0x0800094c       0x24 src/gpio_function.o
                0x0800094c                read_Gpio
 .text.set_Gpio
                0x08000970       0x28 src/gpio_function.o
                0x08000970                set_Gpio
 .text.reset_Gpio
                0x08000998       0x28 src/gpio_function.o
                0x08000998                reset_Gpio
 .text.init_Keypad
                0x080009c0      0x2fc src/keypad_function.o
                0x080009c0                init_Keypad
 .text.read_Keypad
                0x08000cbc      0x18c src/keypad_function.o
                0x08000cbc                read_Keypad
 .text.main     0x08000e48       0x60 src/main.o
                0x08000e48                main
 .text.Reset_Handler
                0x08000ea8       0x50 startup/startup_stm32.o
                0x08000ea8                Reset_Handler
 .text.Default_Handler
                0x08000ef8        0x2 startup/startup_stm32.o
                0x08000ef8                EXTI2_IRQHandler
                0x08000ef8                TIM8_TRG_COM_IRQHandler
                0x08000ef8                TIM8_CC_IRQHandler
                0x08000ef8                DebugMon_Handler
                0x08000ef8                DMA1_CH4_IRQHandler
                0x08000ef8                TIM1_CC_IRQHandler
                0x08000ef8                TSC_IRQHandler
                0x08000ef8                HardFault_Handler
                0x08000ef8                SysTick_Handler
                0x08000ef8                TAMP_STAMP_IRQHandler
                0x08000ef8                PendSV_Handler
                0x08000ef8                NMI_Handler
                0x08000ef8                EXTI3_IRQHandler
                0x08000ef8                LPTIM2_IRQHandler
                0x08000ef8                DFSDM1_FLT1_IRQHandler
                0x08000ef8                I2C3_ER_IRQHandler
                0x08000ef8                DFSDM1_FLT2_IRQHandler
                0x08000ef8                TIM6_DACUNDER_IRQHandler
                0x08000ef8                EXTI0_IRQHandler
                0x08000ef8                I2C2_EV_IRQHandler
                0x08000ef8                DMA2_CH1_IRQHandler
                0x08000ef8                CAN1_RX0_IRQHandler
                0x08000ef8                FPU_IRQHandler
                0x08000ef8                TIM1_UP_TIM16_IRQHandler
                0x08000ef8                DMA2_CH7_IRQHandler
                0x08000ef8                UsageFault_Handler
                0x08000ef8                ADC1_2_IRQHandler
                0x08000ef8                SPI1_IRQHandler
                0x08000ef8                DMA1_CH7_IRQHandler
                0x08000ef8                TIM8_UP_IRQHandler
                0x08000ef8                RTC_ALARM_IRQHandler
                0x08000ef8                SAI2_IRQHandler
                0x08000ef8                DFSDM1_FLT3_IRQHandler
                0x08000ef8                DMA1_CH6_IRQHandler
                0x08000ef8                USART3_IRQHandler
                0x08000ef8                CAN1_RX1_IRQHandler
                0x08000ef8                LCD_IRQHandler
                0x08000ef8                UART5_IRQHandler
                0x08000ef8                ADC3_IRQHandler
                0x08000ef8                TIM4_IRQHandler
                0x08000ef8                QUADSPI_IRQHandler
                0x08000ef8                I2C1_EV_IRQHandler
                0x08000ef8                DMA2_CH5_IRQHandler
                0x08000ef8                UART4_IRQHandler
                0x08000ef8                DMA1_CH3_IRQHandler
                0x08000ef8                TIM3_IRQHandler
                0x08000ef8                RCC_IRQHandler
                0x08000ef8                Default_Handler
                0x08000ef8                EXTI15_10_IRQHandler
                0x08000ef8                TIM7_IRQHandler
                0x08000ef8                SDMMC1_IRQHandler
                0x08000ef8                TIM5_IRQHandler
                0x08000ef8                I2C3_EV_IRQHandler
                0x08000ef8                EXTI9_5_IRQHandler
                0x08000ef8                DMA1_CH2_IRQHandler
                0x08000ef8                RTC_WKUP_IRQHandler
                0x08000ef8                PVD_PVM_IRQHandler
                0x08000ef8                SPI2_IRQHandler
                0x08000ef8                DMA1_CH1_IRQHandler
                0x08000ef8                MemManage_Handler
                0x08000ef8                CAN1_TX_IRQHandler
                0x08000ef8                SVC_Handler
                0x08000ef8                EXTI4_IRQHandler
                0x08000ef8                RNG_IRQHandler
                0x08000ef8                TIM1_TRG_COM_TIM17_IRQHandler
                0x08000ef8                COMP_IRQHandler
                0x08000ef8                WWDG_IRQHandler
                0x08000ef8                LPUART1_IRQHandler
                0x08000ef8                TIM2_IRQHandler
                0x08000ef8                EXTI1_IRQHandler
                0x08000ef8                AES_IRQHandler
                0x08000ef8                USART2_IRQHandler
                0x08000ef8                DFSDM1_FLT0_IRQHandler
                0x08000ef8                I2C2_ER_IRQHandler
                0x08000ef8                TIM8_BRK_IRQHandler
                0x08000ef8                CAN1_SCE_IRQHandler
                0x08000ef8                FLASH_IRQHandler
                0x08000ef8                BusFault_Handler
                0x08000ef8                USART1_IRQHandler
                0x08000ef8                OTG_FS_IRQHandler
                0x08000ef8                SPI3_IRQHandler
                0x08000ef8                DMA2_CH6_IRQHandler
                0x08000ef8                DMA2_CH3_IRQHandler
                0x08000ef8                DMA2_CH2_IRQHandler
                0x08000ef8                I2C1_ER_IRQHandler
                0x08000ef8                FMC_IRQHandler
                0x08000ef8                DMA1_CH5_IRQHandler
                0x08000ef8                DMA2_CH4_IRQHandler
                0x08000ef8                SWPMI1_IRQHandler
                0x08000ef8                LPTIM1_IRQHandler
                0x08000ef8                SAI1_IRQHandler
                0x08000ef8                TIM1_BRK_TIM15_IRQHandler
 *fill*         0x08000efa        0x2 
 .text.__libc_init_array
                0x08000efc       0x48 c:/ac6/systemworkbench/plugins/fr.ac6.mcu.externaltools.arm-none.win32_1.17.0.201812190825/tools/compiler/bin/../lib/gcc/arm-none-eabi/7.3.1/../../../../arm-none-eabi/lib/thumb/v7e-m/fpv4-sp/hard\libc.a(lib_a-init.o)
                0x08000efc                __libc_init_array
 .text.startup.register_fini
                0x08000f44       0x14 c:/ac6/systemworkbench/plugins/fr.ac6.mcu.externaltools.arm-none.win32_1.17.0.201812190825/tools/compiler/bin/../lib/gcc/arm-none-eabi/7.3.1/../../../../arm-none-eabi/lib/thumb/v7e-m/fpv4-sp/hard\libc.a(lib_a-__call_atexit.o)
 .text.atexit   0x08000f58        0xc c:/ac6/systemworkbench/plugins/fr.ac6.mcu.externaltools.arm-none.win32_1.17.0.201812190825/tools/compiler/bin/../lib/gcc/arm-none-eabi/7.3.1/../../../../arm-none-eabi/lib/thumb/v7e-m/fpv4-sp/hard\libc.a(lib_a-atexit.o)
                0x08000f58                atexit
 .text.__libc_fini_array
                0x08000f64       0x34 c:/ac6/systemworkbench/plugins/fr.ac6.mcu.externaltools.arm-none.win32_1.17.0.201812190825/tools/compiler/bin/../lib/gcc/arm-none-eabi/7.3.1/../../../../arm-none-eabi/lib/thumb/v7e-m/fpv4-sp/hard\libc.a(lib_a-fini.o)
                0x08000f64                __libc_fini_array
 .text.__retarget_lock_acquire_recursive
                0x08000f98        0x4 c:/ac6/systemworkbench/plugins/fr.ac6.mcu.externaltools.arm-none.win32_1.17.0.201812190825/tools/compiler/bin/../lib/gcc/arm-none-eabi/7.3.1/../../../../arm-none-eabi/lib/thumb/v7e-m/fpv4-sp/hard\libc.a(lib_a-lock.o)
                0x08000f98                __retarget_lock_acquire_recursive
 .text.__retarget_lock_release_recursive
                0x08000f9c        0x4 c:/ac6/systemworkbench/plugins/fr.ac6.mcu.externaltools.arm-none.win32_1.17.0.201812190825/tools/compiler/bin/../lib/gcc/arm-none-eabi/7.3.1/../../../../arm-none-eabi/lib/thumb/v7e-m/fpv4-sp/hard\libc.a(lib_a-lock.o)
                0x08000f9c                __retarget_lock_release_recursive
 .text.__register_exitproc
                0x08000fa0       0xc0 c:/ac6/systemworkbench/plugins/fr.ac6.mcu.externaltools.arm-none.win32_1.17.0.201812190825/tools/compiler/bin/../lib/gcc/arm-none-eabi/7.3.1/../../../../arm-none-eabi/lib/thumb/v7e-m/fpv4-sp/hard\libc.a(lib_a-__atexit.o)
                0x08000fa0                __register_exitproc
 *(.glue_7)
 .glue_7        0x08001060        0x0 linker stubs
 *(.glue_7t)
 .glue_7t       0x08001060        0x0 linker stubs
 *(.eh_frame)
 .eh_frame      0x08001060        0x0 c:/ac6/systemworkbench/plugins/fr.ac6.mcu.externaltools.arm-none.win32_1.17.0.201812190825/tools/compiler/bin/../lib/gcc/arm-none-eabi/7.3.1/thumb/v7e-m/fpv4-sp/hard/crtbegin.o
 *(.init)
 .init          0x08001060        0x4 c:/ac6/systemworkbench/plugins/fr.ac6.mcu.externaltools.arm-none.win32_1.17.0.201812190825/tools/compiler/bin/../lib/gcc/arm-none-eabi/7.3.1/thumb/v7e-m/fpv4-sp/hard/crti.o
                0x08001060                _init
 .init          0x08001064        0x8 c:/ac6/systemworkbench/plugins/fr.ac6.mcu.externaltools.arm-none.win32_1.17.0.201812190825/tools/compiler/bin/../lib/gcc/arm-none-eabi/7.3.1/thumb/v7e-m/fpv4-sp/hard/crtn.o
 *(.fini)
 .fini          0x0800106c        0x4 c:/ac6/systemworkbench/plugins/fr.ac6.mcu.externaltools.arm-none.win32_1.17.0.201812190825/tools/compiler/bin/../lib/gcc/arm-none-eabi/7.3.1/thumb/v7e-m/fpv4-sp/hard/crti.o
                0x0800106c                _fini
 .fini          0x08001070        0x8 c:/ac6/systemworkbench/plugins/fr.ac6.mcu.externaltools.arm-none.win32_1.17.0.201812190825/tools/compiler/bin/../lib/gcc/arm-none-eabi/7.3.1/thumb/v7e-m/fpv4-sp/hard/crtn.o
                0x08001078                . = ALIGN (0x8)
                0x08001078                _etext = .

.vfp11_veneer   0x08001078        0x0
 .vfp11_veneer  0x08001078        0x0 linker stubs

.v4_bx          0x08001078        0x0
 .v4_bx         0x08001078        0x0 linker stubs

.iplt           0x08001078        0x0
 .iplt          0x08001078        0x0 c:/ac6/systemworkbench/plugins/fr.ac6.mcu.externaltools.arm-none.win32_1.17.0.201812190825/tools/compiler/bin/../lib/gcc/arm-none-eabi/7.3.1/thumb/v7e-m/fpv4-sp/hard/crtbegin.o

.rodata         0x08001078       0x48
                0x08001078                . = ALIGN (0x8)
 *(.rodata)
 .rodata        0x08001078       0x40 src/keypad_function.o
                0x08001078                keypad_Map
 *(.rodata*)
 .rodata._global_impure_ptr
                0x080010b8        0x4 c:/ac6/systemworkbench/plugins/fr.ac6.mcu.externaltools.arm-none.win32_1.17.0.201812190825/tools/compiler/bin/../lib/gcc/arm-none-eabi/7.3.1/../../../../arm-none-eabi/lib/thumb/v7e-m/fpv4-sp/hard\libc.a(lib_a-impure.o)
                0x080010b8                _global_impure_ptr
                0x080010c0                . = ALIGN (0x8)
 *fill*         0x080010bc        0x4 

.rel.dyn        0x080010c0        0x0
 .rel.iplt      0x080010c0        0x0 c:/ac6/systemworkbench/plugins/fr.ac6.mcu.externaltools.arm-none.win32_1.17.0.201812190825/tools/compiler/bin/../lib/gcc/arm-none-eabi/7.3.1/thumb/v7e-m/fpv4-sp/hard/crtbegin.o

.ARM.extab      0x080010c0        0x0
                0x080010c0                . = ALIGN (0x8)
 *(.ARM.extab* .gnu.linkonce.armextab.*)
                0x080010c0                . = ALIGN (0x8)

.ARM            0x080010c0        0x0
                0x080010c0                . = ALIGN (0x8)
                0x080010c0                __exidx_start = .
 *(.ARM.exidx*)
                0x080010c0                __exidx_end = .
                0x080010c0                . = ALIGN (0x8)

.preinit_array  0x080010c0        0x0
                0x080010c0                . = ALIGN (0x8)
                0x080010c0                PROVIDE (__preinit_array_start = .)
 *(.preinit_array*)
                0x080010c0                PROVIDE (__preinit_array_end = .)
                0x080010c0                . = ALIGN (0x8)

.init_array     0x080010c0        0x8
                0x080010c0                . = ALIGN (0x8)
                0x080010c0                PROVIDE (__init_array_start = .)
 *(SORT_BY_NAME(.init_array.*))
 .init_array.00000
                0x080010c0        0x4 c:/ac6/systemworkbench/plugins/fr.ac6.mcu.externaltools.arm-none.win32_1.17.0.201812190825/tools/compiler/bin/../lib/gcc/arm-none-eabi/7.3.1/../../../../arm-none-eabi/lib/thumb/v7e-m/fpv4-sp/hard\libc.a(lib_a-__call_atexit.o)
 *(.init_array*)
 .init_array    0x080010c4        0x4 c:/ac6/systemworkbench/plugins/fr.ac6.mcu.externaltools.arm-none.win32_1.17.0.201812190825/tools/compiler/bin/../lib/gcc/arm-none-eabi/7.3.1/thumb/v7e-m/fpv4-sp/hard/crtbegin.o
                0x080010c8                PROVIDE (__init_array_end = .)
                0x080010c8                . = ALIGN (0x8)

.fini_array     0x080010c8        0x8
                0x080010c8                . = ALIGN (0x8)
                0x080010c8                PROVIDE (__fini_array_start = .)
 *(SORT_BY_NAME(.fini_array.*))
 *(.fini_array*)
 .fini_array    0x080010c8        0x4 c:/ac6/systemworkbench/plugins/fr.ac6.mcu.externaltools.arm-none.win32_1.17.0.201812190825/tools/compiler/bin/../lib/gcc/arm-none-eabi/7.3.1/thumb/v7e-m/fpv4-sp/hard/crtbegin.o
                0x080010cc                PROVIDE (__fini_array_end = .)
                0x080010d0                . = ALIGN (0x8)
 *fill*         0x080010cc        0x4 
                0x080010d0                _sidata = LOADADDR (.data)

.data           0x20000000      0x480 load address 0x080010d0
                0x20000000                . = ALIGN (0x8)
                0x20000000                _sdata = .
 *(.data)
 .data          0x20000000       0x50 src/main.o
                0x20000000                seg_Gpio
                0x20000010                keypad_Gpio
 *(.data*)
 .data.impure_data
                0x20000050      0x428 c:/ac6/systemworkbench/plugins/fr.ac6.mcu.externaltools.arm-none.win32_1.17.0.201812190825/tools/compiler/bin/../lib/gcc/arm-none-eabi/7.3.1/../../../../arm-none-eabi/lib/thumb/v7e-m/fpv4-sp/hard\libc.a(lib_a-impure.o)
 .data.__atexit_recursive_mutex
                0x20000478        0x4 c:/ac6/systemworkbench/plugins/fr.ac6.mcu.externaltools.arm-none.win32_1.17.0.201812190825/tools/compiler/bin/../lib/gcc/arm-none-eabi/7.3.1/../../../../arm-none-eabi/lib/thumb/v7e-m/fpv4-sp/hard\libc.a(lib_a-__call_atexit.o)
                0x20000478                __atexit_recursive_mutex
                0x20000480                . = ALIGN (0x8)
 *fill*         0x2000047c        0x4 
                0x20000480                _edata = .

.igot.plt       0x20000480        0x0 load address 0x08001550
 .igot.plt      0x20000480        0x0 c:/ac6/systemworkbench/plugins/fr.ac6.mcu.externaltools.arm-none.win32_1.17.0.201812190825/tools/compiler/bin/../lib/gcc/arm-none-eabi/7.3.1/thumb/v7e-m/fpv4-sp/hard/crtbegin.o
                0x20000480                . = ALIGN (0x8)

.bss            0x20000480       0x48 load address 0x08001550
                0x20000480                _sbss = .
                0x20000480                __bss_start__ = _sbss
 *(.bss)
 .bss           0x20000480       0x1c c:/ac6/systemworkbench/plugins/fr.ac6.mcu.externaltools.arm-none.win32_1.17.0.201812190825/tools/compiler/bin/../lib/gcc/arm-none-eabi/7.3.1/thumb/v7e-m/fpv4-sp/hard/crtbegin.o
 .bss           0x2000049c        0x1 src/7seg_function.o
                0x2000049c                decode_State
 *(.bss*)
 *(COMMON)
 *fill*         0x2000049d        0x3 
 COMMON         0x200004a0       0x21 c:/ac6/systemworkbench/plugins/fr.ac6.mcu.externaltools.arm-none.win32_1.17.0.201812190825/tools/compiler/bin/../lib/gcc/arm-none-eabi/7.3.1/../../../../arm-none-eabi/lib/thumb/v7e-m/fpv4-sp/hard\libc.a(lib_a-lock.o)
                0x200004a0                __lock___atexit_recursive_mutex
                0x200004a4                __lock___arc4random_mutex
                0x200004a8                __lock___env_recursive_mutex
                0x200004ac                __lock___sinit_recursive_mutex
                0x200004b0                __lock___malloc_recursive_mutex
                0x200004b4                __lock___at_quick_exit_mutex
                0x200004b8                __lock___dd_hash_mutex
                0x200004bc                __lock___tz_mutex
                0x200004c0                __lock___sfp_recursive_mutex
                0x200004c8                . = ALIGN (0x8)
 *fill*         0x200004c1        0x7 
                0x200004c8                _ebss = .
                0x200004c8                __bss_end__ = _ebss

._user_heap_stack
                0x200004c8      0x400 load address 0x08001550
                0x200004c8                . = ALIGN (0x8)
                0x200004c8                PROVIDE (end = .)
                [!provide]                PROVIDE (_end = .)
                0x200004c8                . = (. + _Min_Heap_Size)
                0x200008c8                . = (. + _Min_Stack_Size)
 *fill*         0x200004c8      0x400 
                0x200008c8                . = ALIGN (0x8)

/DISCARD/
 libc.a(*)
 libm.a(*)
 libgcc.a(*)

.ARM.attributes
                0x00000000       0x30
 *(.ARM.attributes)
 .ARM.attributes
                0x00000000       0x22 c:/ac6/systemworkbench/plugins/fr.ac6.mcu.externaltools.arm-none.win32_1.17.0.201812190825/tools/compiler/bin/../lib/gcc/arm-none-eabi/7.3.1/thumb/v7e-m/fpv4-sp/hard/crti.o
 .ARM.attributes
                0x00000022       0x34 c:/ac6/systemworkbench/plugins/fr.ac6.mcu.externaltools.arm-none.win32_1.17.0.201812190825/tools/compiler/bin/../lib/gcc/arm-none-eabi/7.3.1/thumb/v7e-m/fpv4-sp/hard/crtbegin.o
 .ARM.attributes
                0x00000056       0x39 src/7seg_function.o
 .ARM.attributes
                0x0000008f       0x39 src/gpio_function.o
 .ARM.attributes
                0x000000c8       0x39 src/keypad_function.o
 .ARM.attributes
                0x00000101       0x39 src/main.o
 .ARM.attributes
                0x0000013a       0x21 startup/startup_stm32.o
 .ARM.attributes
                0x0000015b       0x34 c:/ac6/systemworkbench/plugins/fr.ac6.mcu.externaltools.arm-none.win32_1.17.0.201812190825/tools/compiler/bin/../lib/gcc/arm-none-eabi/7.3.1/../../../../arm-none-eabi/lib/thumb/v7e-m/fpv4-sp/hard\libc.a(lib_a-impure.o)
 .ARM.attributes
                0x0000018f       0x34 c:/ac6/systemworkbench/plugins/fr.ac6.mcu.externaltools.arm-none.win32_1.17.0.201812190825/tools/compiler/bin/../lib/gcc/arm-none-eabi/7.3.1/../../../../arm-none-eabi/lib/thumb/v7e-m/fpv4-sp/hard\libc.a(lib_a-init.o)
 .ARM.attributes
                0x000001c3       0x34 c:/ac6/systemworkbench/plugins/fr.ac6.mcu.externaltools.arm-none.win32_1.17.0.201812190825/tools/compiler/bin/../lib/gcc/arm-none-eabi/7.3.1/../../../../arm-none-eabi/lib/thumb/v7e-m/fpv4-sp/hard\libc.a(lib_a-__call_atexit.o)
 .ARM.attributes
                0x000001f7       0x34 c:/ac6/systemworkbench/plugins/fr.ac6.mcu.externaltools.arm-none.win32_1.17.0.201812190825/tools/compiler/bin/../lib/gcc/arm-none-eabi/7.3.1/../../../../arm-none-eabi/lib/thumb/v7e-m/fpv4-sp/hard\libc.a(lib_a-atexit.o)
 .ARM.attributes
                0x0000022b       0x34 c:/ac6/systemworkbench/plugins/fr.ac6.mcu.externaltools.arm-none.win32_1.17.0.201812190825/tools/compiler/bin/../lib/gcc/arm-none-eabi/7.3.1/../../../../arm-none-eabi/lib/thumb/v7e-m/fpv4-sp/hard\libc.a(lib_a-fini.o)
 .ARM.attributes
                0x0000025f       0x34 c:/ac6/systemworkbench/plugins/fr.ac6.mcu.externaltools.arm-none.win32_1.17.0.201812190825/tools/compiler/bin/../lib/gcc/arm-none-eabi/7.3.1/../../../../arm-none-eabi/lib/thumb/v7e-m/fpv4-sp/hard\libc.a(lib_a-lock.o)
 .ARM.attributes
                0x00000293       0x34 c:/ac6/systemworkbench/plugins/fr.ac6.mcu.externaltools.arm-none.win32_1.17.0.201812190825/tools/compiler/bin/../lib/gcc/arm-none-eabi/7.3.1/../../../../arm-none-eabi/lib/thumb/v7e-m/fpv4-sp/hard\libc.a(lib_a-__atexit.o)
 .ARM.attributes
                0x000002c7       0x22 c:/ac6/systemworkbench/plugins/fr.ac6.mcu.externaltools.arm-none.win32_1.17.0.201812190825/tools/compiler/bin/../lib/gcc/arm-none-eabi/7.3.1/thumb/v7e-m/fpv4-sp/hard/crtn.o
OUTPUT(Homework4_1.elf elf32-littlearm)

.debug_info     0x00000000     0x14f8
 .debug_info    0x00000000      0x786 src/7seg_function.o
 .debug_info    0x00000786      0x4a5 src/gpio_function.o
 .debug_info    0x00000c2b      0x5c0 src/keypad_function.o
 .debug_info    0x000011eb      0x2eb src/main.o
 .debug_info    0x000014d6       0x22 startup/startup_stm32.o

.debug_abbrev   0x00000000      0x568
 .debug_abbrev  0x00000000      0x19f src/7seg_function.o
 .debug_abbrev  0x0000019f      0x13c src/gpio_function.o
 .debug_abbrev  0x000002db      0x152 src/keypad_function.o
 .debug_abbrev  0x0000042d      0x129 src/main.o
 .debug_abbrev  0x00000556       0x12 startup/startup_stm32.o

.debug_aranges  0x00000000      0x130
 .debug_aranges
                0x00000000       0x78 src/7seg_function.o
 .debug_aranges
                0x00000078       0x48 src/gpio_function.o
 .debug_aranges
                0x000000c0       0x28 src/keypad_function.o
 .debug_aranges
                0x000000e8       0x20 src/main.o
 .debug_aranges
                0x00000108       0x28 startup/startup_stm32.o

.debug_ranges   0x00000000       0xe8
 .debug_ranges  0x00000000       0x68 src/7seg_function.o
 .debug_ranges  0x00000068       0x38 src/gpio_function.o
 .debug_ranges  0x000000a0       0x18 src/keypad_function.o
 .debug_ranges  0x000000b8       0x10 src/main.o
 .debug_ranges  0x000000c8       0x20 startup/startup_stm32.o

.debug_macro    0x00000000    0x1c43a
 .debug_macro   0x00000000       0xc9 src/7seg_function.o
 .debug_macro   0x000000c9      0xa66 src/7seg_function.o
 .debug_macro   0x00000b2f       0x28 src/7seg_function.o
 .debug_macro   0x00000b57       0x22 src/7seg_function.o
 .debug_macro   0x00000b79       0x8e src/7seg_function.o
 .debug_macro   0x00000c07       0x51 src/7seg_function.o
 .debug_macro   0x00000c58       0xef src/7seg_function.o
 .debug_macro   0x00000d47       0x6a src/7seg_function.o
 .debug_macro   0x00000db1      0x1df src/7seg_function.o
 .debug_macro   0x00000f90       0x35 src/7seg_function.o
 .debug_macro   0x00000fc5       0x50 src/7seg_function.o
 .debug_macro   0x00001015      0xe66 src/7seg_function.o
 .debug_macro   0x00001e7b    0x1a16e src/7seg_function.o
 .debug_macro   0x0001bfe9      0x1f0 src/7seg_function.o
 .debug_macro   0x0001c1d9       0xba src/gpio_function.o
 .debug_macro   0x0001c293       0xc4 src/keypad_function.o
 .debug_macro   0x0001c357       0xe3 src/main.o

.debug_line     0x00000000     0x12e2
 .debug_line    0x00000000      0x5ef src/7seg_function.o
 .debug_line    0x000005ef      0x3d7 src/gpio_function.o
 .debug_line    0x000009c6      0x4a8 src/keypad_function.o
 .debug_line    0x00000e6e      0x3f8 src/main.o
 .debug_line    0x00001266       0x7c startup/startup_stm32.o

.debug_str      0x00000000    0x9b2b2
 .debug_str     0x00000000    0x9b134 src/7seg_function.o
                              0x9b2e0 (size before relaxing)
 .debug_str     0x0009b134       0x56 src/gpio_function.o
                              0x9a9de (size before relaxing)
 .debug_str     0x0009b18a       0xb3 src/keypad_function.o
                              0x9aa41 (size before relaxing)
 .debug_str     0x0009b23d       0x4c src/main.o
                              0x9b111 (size before relaxing)
 .debug_str     0x0009b289       0x29 startup/startup_stm32.o
                                 0x5c (size before relaxing)

.comment        0x00000000       0x7f
 .comment       0x00000000       0x7f src/7seg_function.o
                                 0x80 (size before relaxing)
 .comment       0x0000007f       0x80 src/gpio_function.o
 .comment       0x0000007f       0x80 src/keypad_function.o
 .comment       0x0000007f       0x80 src/main.o

.debug_frame    0x00000000      0x50c
 .debug_frame   0x00000000      0x1c4 src/7seg_function.o
 .debug_frame   0x000001c4       0xfc src/gpio_function.o
 .debug_frame   0x000002c0       0x5c src/keypad_function.o
 .debug_frame   0x0000031c       0x30 src/main.o
 .debug_frame   0x0000034c       0x2c c:/ac6/systemworkbench/plugins/fr.ac6.mcu.externaltools.arm-none.win32_1.17.0.201812190825/tools/compiler/bin/../lib/gcc/arm-none-eabi/7.3.1/../../../../arm-none-eabi/lib/thumb/v7e-m/fpv4-sp/hard\libc.a(lib_a-init.o)
 .debug_frame   0x00000378       0x5c c:/ac6/systemworkbench/plugins/fr.ac6.mcu.externaltools.arm-none.win32_1.17.0.201812190825/tools/compiler/bin/../lib/gcc/arm-none-eabi/7.3.1/../../../../arm-none-eabi/lib/thumb/v7e-m/fpv4-sp/hard\libc.a(lib_a-__call_atexit.o)
 .debug_frame   0x000003d4       0x20 c:/ac6/systemworkbench/plugins/fr.ac6.mcu.externaltools.arm-none.win32_1.17.0.201812190825/tools/compiler/bin/../lib/gcc/arm-none-eabi/7.3.1/../../../../arm-none-eabi/lib/thumb/v7e-m/fpv4-sp/hard\libc.a(lib_a-atexit.o)
 .debug_frame   0x000003f4       0x34 c:/ac6/systemworkbench/plugins/fr.ac6.mcu.externaltools.arm-none.win32_1.17.0.201812190825/tools/compiler/bin/../lib/gcc/arm-none-eabi/7.3.1/../../../../arm-none-eabi/lib/thumb/v7e-m/fpv4-sp/hard\libc.a(lib_a-fini.o)
 .debug_frame   0x00000428       0xb0 c:/ac6/systemworkbench/plugins/fr.ac6.mcu.externaltools.arm-none.win32_1.17.0.201812190825/tools/compiler/bin/../lib/gcc/arm-none-eabi/7.3.1/../../../../arm-none-eabi/lib/thumb/v7e-m/fpv4-sp/hard\libc.a(lib_a-lock.o)
 .debug_frame   0x000004d8       0x34 c:/ac6/systemworkbench/plugins/fr.ac6.mcu.externaltools.arm-none.win32_1.17.0.201812190825/tools/compiler/bin/../lib/gcc/arm-none-eabi/7.3.1/../../../../arm-none-eabi/lib/thumb/v7e-m/fpv4-sp/hard\libc.a(lib_a-__atexit.o)
